Component: Arm Compiler for Embedded 6.19 Tool: armlink [5e73cb00]

==============================================================================

Section Cross References

    main.o(.text.main) refers to uart.o(.text.UART_MAIN_TEST) for UART_MAIN_TEST
    main.o(.ARM.exidx.text.main) refers to main.o(.text.main) for [Anonymous Symbol]
    softtimer.o(.text.Function_LedRed) refers to gpio.o(.text.Gpio_TogglePin) for Gpio_TogglePin
    softtimer.o(.ARM.exidx.text.Function_LedRed) refers to softtimer.o(.text.Function_LedRed) for [Anonymous Symbol]
    softtimer.o(.text.Function_LedGreen) refers to gpio.o(.text.Gpio_TogglePin) for Gpio_TogglePin
    softtimer.o(.ARM.exidx.text.Function_LedGreen) refers to softtimer.o(.text.Function_LedGreen) for [Anonymous Symbol]
    softtimer.o(.text.Function_LedBlue) refers to gpio.o(.text.Gpio_TogglePin) for Gpio_TogglePin
    softtimer.o(.ARM.exidx.text.Function_LedBlue) refers to softtimer.o(.text.Function_LedBlue) for [Anonymous Symbol]
    softtimer.o(.text.Softtimer_Init) refers to softtimer.o(.bss.TimeCountMs) for TimeCountMs
    softtimer.o(.ARM.exidx.text.Softtimer_Init) refers to softtimer.o(.text.Softtimer_Init) for [Anonymous Symbol]
    softtimer.o(.text.Softtimer_StartTimer) refers to softtimer.o(.bss.TIMER) for TIMER
    softtimer.o(.text.Softtimer_StartTimer) refers to softtimer.o(.bss.TimeCountMs) for TimeCountMs
    softtimer.o(.ARM.exidx.text.Softtimer_StartTimer) refers to softtimer.o(.text.Softtimer_StartTimer) for [Anonymous Symbol]
    softtimer.o(.text.Softtimer_StopTimer) refers to softtimer.o(.bss.TIMER) for TIMER
    softtimer.o(.ARM.exidx.text.Softtimer_StopTimer) refers to softtimer.o(.text.Softtimer_StopTimer) for [Anonymous Symbol]
    softtimer.o(.text.Softtimer_MainFunction) refers to softtimer.o(.bss.TIMER) for TIMER
    softtimer.o(.text.Softtimer_MainFunction) refers to softtimer.o(.bss.TimeCountMs) for TimeCountMs
    softtimer.o(.ARM.exidx.text.Softtimer_MainFunction) refers to softtimer.o(.text.Softtimer_MainFunction) for [Anonymous Symbol]
    softtimer.o(.text.SysTick_Handler) refers to softtimer.o(.bss.TimeCountMs) for TimeCountMs
    softtimer.o(.ARM.exidx.text.SysTick_Handler) refers to softtimer.o(.text.SysTick_Handler) for [Anonymous Symbol]
    lpit.o(.text.MainLPIT_Test) refers to clock.o(.text.SOSC_Init_8Mhz) for SOSC_Init_8Mhz
    lpit.o(.text.MainLPIT_Test) refers to clock.o(.text.SPLL_Init) for SPLL_Init
    lpit.o(.text.MainLPIT_Test) refers to clock.o(.text.Run_Mode_Clock) for Run_Mode_Clock
    lpit.o(.text.MainLPIT_Test) refers to lpit.o(.text.LPIT_Init_CH0) for LPIT_Init_CH0
    lpit.o(.text.MainLPIT_Test) refers to gpio.o(.text.Gpio_Init) for Gpio_Init
    lpit.o(.text.MainLPIT_Test) refers to gpio.o(.text.Gpio_TogglePin) for Gpio_TogglePin
    lpit.o(.text.MainLPIT_Test) refers to lpit.o(.text.LPIT_CH0_Delay_ms) for LPIT_CH0_Delay_ms
    lpit.o(.ARM.exidx.text.MainLPIT_Test) refers to lpit.o(.text.MainLPIT_Test) for [Anonymous Symbol]
    lpit.o(.text.LPIT_Init_CH0) refers to clock.o(.text.LPIT_CLK_ENABLE) for LPIT_CLK_ENABLE
    lpit.o(.text.LPIT_Init_CH0) refers to nvic.o(.text.NVIC_SetPriority) for NVIC_SetPriority
    lpit.o(.text.LPIT_Init_CH0) refers to nvic.o(.text.NVIC_ClearPendingFlag) for NVIC_ClearPendingFlag
    lpit.o(.text.LPIT_Init_CH0) refers to nvic.o(.text.NVIC_EnableInterrupt) for NVIC_EnableInterrupt
    lpit.o(.ARM.exidx.text.LPIT_Init_CH0) refers to lpit.o(.text.LPIT_Init_CH0) for [Anonymous Symbol]
    lpit.o(.text.LPIT_CH0_Delay_ms) refers to lpit.o(.bss.Count) for Count
    lpit.o(.ARM.exidx.text.LPIT_CH0_Delay_ms) refers to lpit.o(.text.LPIT_CH0_Delay_ms) for [Anonymous Symbol]
    lpit.o(.text.LPIT0_Ch0_IRQHandler) refers to lpit.o(.bss.Count) for Count
    lpit.o(.ARM.exidx.text.LPIT0_Ch0_IRQHandler) refers to lpit.o(.text.LPIT0_Ch0_IRQHandler) for [Anonymous Symbol]
    uart.o(.text.Uart_Init) refers to uart.o(.text.UART1_GPIO_Config) for UART1_GPIO_Config
    uart.o(.text.Uart_Init) refers to clock.o(.text.UART1_CLK_ENABLE) for UART1_CLK_ENABLE
    uart.o(.text.Uart_Init) refers to nvic.o(.text.NVIC_SetPriority) for NVIC_SetPriority
    uart.o(.text.Uart_Init) refers to nvic.o(.text.NVIC_EnableInterrupt) for NVIC_EnableInterrupt
    uart.o(.text.Uart_Init) refers to nvic.o(.text.NVIC_ClearPendingFlag) for NVIC_ClearPendingFlag
    uart.o(.text.Uart_Init) refers to uart.o(.bss.Transmit_State) for Transmit_State
    uart.o(.text.Uart_Init) refers to uart.o(.bss.Receive_State) for Receive_State
    uart.o(.ARM.exidx.text.Uart_Init) refers to uart.o(.text.Uart_Init) for [Anonymous Symbol]
    uart.o(.text.UART1_GPIO_Config) refers to clock.o(.text.EnableClockPortC) for EnableClockPortC
    uart.o(.ARM.exidx.text.UART1_GPIO_Config) refers to uart.o(.text.UART1_GPIO_Config) for [Anonymous Symbol]
    uart.o(.text.Uart_Transmit) refers to uart.o(.bss.Transmit_State) for Transmit_State
    uart.o(.text.Uart_Transmit) refers to uart.o(.bss.Software_Buffer_Send) for Software_Buffer_Send
[...]
    gpio.o(.text.Gpio_Init) refers to clock.o(.text.EnableClockPortC) for EnableClockPortC
    gpio.o(.text.Gpio_Init) refers to clock.o(.text.EnableClockPortD) for EnableClockPortD
    gpio.o(.ARM.exidx.text.Gpio_Init) refers to gpio.o(.text.Gpio_Init) for [Anonymous Symbol]
    gpio.o(.ARM.exidx.text.Gpio_GetPinValue) refers to gpio.o(.text.Gpio_GetPinValue) for [Anonymous Symbol]
    gpio.o(.ARM.exidx.text.Gpio_SetPinValue) refers to gpio.o(.text.Gpio_SetPinValue) for [Anonymous Symbol]
    gpio.o(.ARM.exidx.text.Gpio_TogglePin) refers to gpio.o(.text.Gpio_TogglePin) for [Anonymous Symbol]
    gpio.o(.text.Delay) refers to gpio_isr.o(.bss.StateLED) for StateLED
    gpio.o(.ARM.exidx.text.Delay) refers to gpio.o(.text.Delay) for [Anonymous Symbol]
    gpio.o(.text.Program1) refers to gpio.o(.text.Gpio_SetPinValue) for Gpio_SetPinValue
    gpio.o(.text.Program1) refers to gpio.o(.text.Delay) for Delay
    gpio.o(.ARM.exidx.text.Program1) refers to gpio.o(.text.Program1) for [Anonymous Symbol]
    gpio.o(.text.Program2) refers to gpio.o(.text.Gpio_SetPinValue) for Gpio_SetPinValue
    gpio.o(.text.Program2) refers to gpio.o(.text.Delay) for Delay
    gpio.o(.ARM.exidx.text.Program2) refers to gpio.o(.text.Program2) for [Anonymous Symbol]
    gpio.o(.text.Assignment3_MAIN) refers to gpio.o(.text.Gpio_Init) for Gpio_Init
    gpio.o(.text.Assignment3_MAIN) refers to gpio_isr.o(.bss.StateLED) for StateLED
    gpio.o(.text.Assignment3_MAIN) refers to gpio.o(.text.Gpio_SetPinValue) for Gpio_SetPinValue
    gpio.o(.text.Assignment3_MAIN) refers to gpio.o(.text.Delay) for Delay
    gpio.o(.text.Assignment3_MAIN) refers to gpio.o(.text.Program1) for Program1
    gpio.o(.text.Assignment3_MAIN) refers to gpio.o(.text.Program2) for Program2
    gpio.o(.ARM.exidx.text.Assignment3_MAIN) refers to gpio.o(.text.Assignment3_MAIN) for [Anonymous Symbol]
    gpio_isr.o(.text.PORTC_IRQHandler) refers to gpio_isr.o(.bss.StateLED) for StateLED
    gpio_isr.o(.ARM.exidx.text.PORTC_IRQHandler) refers to gpio_isr.o(.text.PORTC_IRQHandler) for [Anonymous Symbol]
    nvic.o(.ARM.exidx.text.NVIC_EnableInterrupt) refers to nvic.o(.text.NVIC_EnableInterrupt) for [Anonymous Symbol]
    nvic.o(.ARM.exidx.text.NVIC_DisableInterrupt) refers to nvic.o(.text.NVIC_DisableInterrupt) for [Anonymous Symbol]
    nvic.o(.ARM.exidx.text.NVIC_ClearPendingFlag) refers to nvic.o(.text.NVIC_ClearPendingFlag) for [Anonymous Symbol]
    nvic.o(.ARM.exidx.text.NVIC_SetPriority) refers to nvic.o(.text.NVIC_SetPriority) for [Anonymous Symbol]
    spi.o(.text.SPI0_Init) refers to spi.o(.text.SPI0_GPIO_Config) for SPI0_GPIO_Config
    spi.o(.text.SPI0_Init) refers to clock.o(.text.SPI0_CLK_ENABLE) for SPI0_CLK_ENABLE
    spi.o(.ARM.exidx.text.SPI0_Init) refers to spi.o(.text.SPI0_Init) for [Anonymous Symbol]
    spi.o(.text.SPI0_GPIO_Config) refers to clock.o(.text.EnableClockPortB) for EnableClockPortB
    spi.o(.ARM.exidx.text.SPI0_GPIO_Config) refers to spi.o(.text.SPI0_GPIO_Config) for [Anonymous Symbol]
    spi.o(.ARM.exidx.text.SPI0_Transmit_16bit) refers to spi.o(.text.SPI0_Transmit_16bit) for [Anonymous Symbol]
    spi.o(.text.SPI1_Init) refers to spi.o(.text.SPI1_GPIO_Config) for SPI1_GPIO_Config
    spi.o(.text.SPI1_Init) refers to clock.o(.text.SPI1_CLK_ENABLE) for SPI1_CLK_ENABLE
    spi.o(.ARM.exidx.text.SPI1_Init) refers to spi.o(.text.SPI1_Init) for [Anonymous Symbol]
    spi.o(.text.SPI1_GPIO_Config) refers to clock.o(.text.EnableClockPortB) for EnableClockPortB
    spi.o(.ARM.exidx.text.SPI1_GPIO_Config) refers to spi.o(.text.SPI1_GPIO_Config) for [Anonymous Symbol]
    spi.o(.ARM.exidx.text.SPI1_Transmit) refers to spi.o(.text.SPI1_Transmit) for [Anonymous Symbol]
    spi.o(.text.LPSPI_init) refers to spi.o(.text.SPI1_GPIO_Config) for SPI1_GPIO_Config
    spi.o(.text.LPSPI_init) refers to clock.o(.text.SPI1_CLK_ENABLE) for SPI1_CLK_ENABLE
    spi.o(.ARM.exidx.text.LPSPI_init) refers to spi.o(.text.LPSPI_init) for [Anonymous Symbol]
    spi.o(.text.SPI_MAIN_TEST) refers to spi.o(.text.LPSPI_init) for LPSPI_init
    spi.o(.text.SPI_MAIN_TEST) refers to spi.o(.text.SPI1_Transmit) for SPI1_Transmit
    spi.o(.ARM.exidx.text.SPI_MAIN_TEST) refers to spi.o(.text.SPI_MAIN_TEST) for [Anonymous Symbol]
    clock.o(.ARM.exidx.text.SOSC_Init_8Mhz) refers to clock.o(.text.SOSC_Init_8Mhz) for [Anonymous Symbol]
    clock.o(.ARM.exidx.text.SPLL_Init) refers to clock.o(.text.SPLL_Init) for [Anonymous Symbol]
    clock.o(.ARM.exidx.text.Run_Mode_Clock) refers to clock.o(.text.Run_Mode_Clock) for [Anonymous Symbol]
    clock.o(.ARM.exidx.text.CheckClock) refers to clock.o(.text.CheckClock) for [Anonymous Symbol]
    clock.o(.ARM.exidx.text.EnableClockPortA) refers to clock.o(.text.EnableClockPortA) for [Anonymous Symbol]
    clock.o(.ARM.exidx.text.EnableClockPortB) refers to clock.o(.text.EnableClockPortB) for [Anonymous Symbol]
    clock.o(.ARM.exidx.text.EnableClockPortC) refers to clock.o(.text.EnableClockPortC) for [Anonymous Symbol]
    clock.o(.ARM.exidx.text.EnableClockPortD) refers to clock.o(.text.EnableClockPortD) for [Anonymous Symbol]
    clock.o(.ARM.exidx.text.EnableClockPortE) refers to clock.o(.text.EnableClockPortE) for [Anonymous Symbol]
    clock.o(.ARM.exidx.text.LPIT_CLK_ENABLE) refers to clock.o(.text.LPIT_CLK_ENABLE) for [Anonymous Symbol]
    clock.o(.ARM.exidx.text.UART0_CLK_ENABLE) refers to clock.o(.text.UART0_CLK_ENABLE) for [Anonymous Symbol]
    clock.o(.ARM.exidx.text.UART1_CLK_ENABLE) refers to clock.o(.text.UART1_CLK_ENABLE) for [Anonymous Symbol]
    clock.o(.ARM.exidx.text.SPI0_CLK_ENABLE) refers to clock.o(.text.SPI0_CLK_ENABLE) for [Anonymous Symbol]
    clock.o(.ARM.exidx.text.SPI1_CLK_ENABLE) refers to clock.o(.text.SPI1_CLK_ENABLE) for [Anonymous Symbol]
    clock.o(.ARM.exidx.text.SPI2_CLK_ENABLE) refers to clock.o(.text.SPI2_CLK_ENABLE) for [Anonymous Symbol]
    startup.o(.text.init_data_bss) refers to startup_s32k144.o(.text) for __RAM_VECTOR_TABLE_SIZE
    startup.o(.text.init_data_bss) refers to startup.o(.rodata.s_vectors) for s_vectors
    startup.o(.ARM.exidx.text.init_data_bss) refers to startup.o(.text.init_data_bss) for [Anonymous Symbol]
    startup_s32k144.o(.text) refers (Special) to main.o(.text.main) for main
    startup_s32k144.o(.text) refers to startup_s32k144.o(FlashConfig) for FlashConfig
    startup_s32k144.o(.text) refers to startup_s32k144.o(RESET) for __Vectors
    startup_s32k144.o(.text) refers to system_s32k144.o(.text.SystemInit) for SystemInit
    startup_s32k144.o(.text) refers to startup.o(.text.init_data_bss) for init_data_bss
    startup_s32k144.o(.text) refers to __main.o(!!!main) for __main
    startup_s32k144.o(RESET) refers (Special) to main.o(.text.main) for main
    startup_s32k144.o(RESET) refers to startup_s32k144.o(.text) for Reset_Handler
    startup_s32k144.o(RESET) refers to softtimer.o(.text.SysTick_Handler) for SysTick_Handler
    startup_s32k144.o(RESET) refers to uart.o(.text.LPUART1_RxTx_IRQHandler) for LPUART1_RxTx_IRQHandler
    startup_s32k144.o(RESET) refers to lpit.o(.text.LPIT0_Ch0_IRQHandler) for LPIT0_Ch0_IRQHandler
    startup_s32k144.o(RESET) refers to gpio_isr.o(.text.PORTC_IRQHandler) for PORTC_IRQHandler
    startup_s32k144.o(FlashConfig) refers (Special) to main.o(.text.main) for main
    system_s32k144.o(.ARM.exidx.text.SystemInit) refers to system_s32k144.o(.text.SystemInit) for [Anonymous Symbol]
    system_s32k144.o(.text.SystemCoreClockUpdate) refers to system_s32k144.o(.rodata.SystemCoreClockUpdate.fircFreq) for SystemCoreClockUpdate.fircFreq
    system_s32k144.o(.text.SystemCoreClockUpdate) refers to system_s32k144.o(.data.SystemCoreClock) for SystemCoreClock
    system_s32k144.o(.ARM.exidx.text.SystemCoreClockUpdate) refers to system_s32k144.o(.text.SystemCoreClockUpdate) for [Anonymous Symbol]
    system_s32k144.o(.ARM.exidx.text.SystemSoftwareReset) refers to system_s32k144.o(.text.SystemSoftwareReset) for [Anonymous Symbol]
    __main.o(!!!main) refers to __rtentry.o(.ARM.Collect$$rtentry$$00000000) for __rt_entry
    __rtentry.o(.ARM.Collect$$rtentry$$00000000) refers (Special) to __rtentry2.o(.ARM.Collect$$rtentry$$0000000A) for __rt_entry_li
    __rtentry.o(.ARM.Collect$$rtentry$$00000000) refers (Special) to __rtentry2.o(.ARM.Collect$$rtentry$$0000000D) for __rt_entry_main
    __rtentry.o(.ARM.Collect$$rtentry$$00000000) refers (Special) to __rtentry2.o(.ARM.Collect$$rtentry$$0000000C) for __rt_entry_postli_1
    __rtentry.o(.ARM.Collect$$rtentry$$00000000) refers (Special) to __rtentry2.o(.ARM.Collect$$rtentry$$00000009) for __rt_entry_postsh_1
    __rtentry.o(.ARM.Collect$$rtentry$$00000000) refers (Special) to __rtentry2.o(.ARM.Collect$$rtentry$$00000002) for __rt_entry_presh_1
    __rtentry.o(.ARM.Collect$$rtentry$$00000000) refers (Special) to __rtentry7.o(.ARM.Collect$$rtentry$$00000007) for __rt_entry_sh
    __rtentry2.o(.ARM.Collect$$rtentry$$00000008) refers to boardinit2.o(.text) for _platform_post_stackheap_init
    __rtentry2.o(.ARM.Collect$$rtentry$$0000000A) refers to libinit.o(.ARM.Collect$$libinit$$00000000) for __rt_lib_init
    __rtentry2.o(.ARM.Collect$$rtentry$$0000000B) refers to boardinit3.o(.text) for _platform_post_lib_init
    __rtentry2.o(.ARM.Collect$$rtentry$$0000000D) refers to main.o(.text.main) for main
    __rtentry2.o(.ARM.Collect$$rtentry$$0000000D) refers to exit.o(.text) for exit
    __rtentry2.o(.ARM.exidx) refers to __rtentry2.o(.ARM.Collect$$rtentry$$00000001) for .ARM.Collect$$rtentry$$00000001
    __rtentry2.o(.ARM.exidx) refers to __rtentry2.o(.ARM.Collect$$rtentry$$00000008) for .ARM.Collect$$rtentry$$00000008
    __rtentry2.o(.ARM.exidx) refers to __rtentry2.o(.ARM.Collect$$rtentry$$0000000A) for .ARM.Collect$$rtentry$$0000000A
    __rtentry2.o(.ARM.exidx) refers to __rtentry2.o(.ARM.Collect$$rtentry$$0000000B) for .ARM.Collect$$rtentry$$0000000B
    __rtentry2.o(.ARM.exidx) refers to __rtentry2.o(.ARM.Collect$$rtentry$$0000000D) for .ARM.Collect$$rtentry$$0000000D
    __rtentry4.o(.ARM.Collect$$rtentry$$00000004) refers to sys_stackheap_outer.o(.text) for __user_setup_stackheap
    __rtentry4.o(.ARM.exidx) refers to __rtentry4.o(.ARM.Collect$$rtentry$$00000004) for .ARM.Collect$$rtentry$$00000004
    __rtentry7.o(.ARM.Collect$$rtentry$$00000007) refers to __rtentry7.o(.ARM.Collect$$rtentry$$00002718) for __lit__00000000
    __rtentry7.o(__vectab_stack_and_reset_2_area) refers to __main.o(!!!main) for __main
    __rtentry7.o(.ARM.exidx) refers to __rtentry7.o(.ARM.Collect$$rtentry$$00000007) for .ARM.Collect$$rtentry$$00000007
    __rtentry7.o(.ARM.exidx) refers to __rtentry7.o(.ARM.Collect$$rtentry$$00002718) for .ARM.Collect$$rtentry$$00002718
    sys_stackheap_outer.o(.text) refers to libspace.o(.text) for __user_perproc_libspace
    sys_stackheap_outer.o(.text) refers to sys_stackheap.o(.text) for __user_initial_stackheap
    exit.o(.text) refers to rtexit.o(.ARM.Collect$$rtexit$$00000000) for __rt_exit
    libinit.o(.ARM.Collect$$libinit$$00000000) refers (Special) to libinit2.o(.ARM.Collect$$libinit$$00000030) for __rt_lib_init_alloca_1
    libinit.o(.ARM.Collect$$libinit$$00000000) refers (Special) to libinit2.o(.ARM.Collect$$libinit$$0000002E) for __rt_lib_init_argv_1
    libinit.o(.ARM.Collect$$libinit$$00000000) refers (Special) to libinit2.o(.ARM.Collect$$libinit$$0000001D) for __rt_lib_init_atexit_1
    libinit.o(.ARM.Collect$$libinit$$00000000) refers (Special) to libinit2.o(.ARM.Collect$$libinit$$00000023) for __rt_lib_init_clock_1
    libinit.o(.ARM.Collect$$libinit$$00000000) refers (Special) to libinit2.o(.ARM.Collect$$libinit$$00000034) for __rt_lib_init_cpp_1
    libinit.o(.ARM.Collect$$libinit$$00000000) refers (Special) to libinit2.o(.ARM.Collect$$libinit$$00000032) for __rt_lib_init_exceptions_1
    libinit.o(.ARM.Collect$$libinit$$00000000) refers (Special) to libinit2.o(.ARM.Collect$$libinit$$00000001) for __rt_lib_init_fp_1
    libinit.o(.ARM.Collect$$libinit$$00000000) refers (Special) to libinit2.o(.ARM.Collect$$libinit$$00000021) for __rt_lib_init_fp_trap_1
    libinit.o(.ARM.Collect$$libinit$$00000000) refers (Special) to libinit2.o(.ARM.Collect$$libinit$$00000025) for __rt_lib_init_getenv_1
    libinit.o(.ARM.Collect$$libinit$$00000000) refers (Special) to libinit2.o(.ARM.Collect$$libinit$$0000000C) for __rt_lib_init_heap_1
    libinit.o(.ARM.Collect$$libinit$$00000000) refers (Special) to libinit2.o(.ARM.Collect$$libinit$$00000013) for __rt_lib_init_lc_collate_1
    libinit.o(.ARM.Collect$$libinit$$00000000) refers (Special) to libinit2.o(.ARM.Collect$$libinit$$00000015) for __rt_lib_init_lc_ctype_1
    libinit.o(.ARM.Collect$$libinit$$00000000) refers (Special) to libinit2.o(.ARM.Collect$$libinit$$00000017) for __rt_lib_init_lc_monetary_1
    libinit.o(.ARM.Collect$$libinit$$00000000) refers (Special) to libinit2.o(.ARM.Collect$$libinit$$00000019) for __rt_lib_init_lc_numeric_1
    libinit.o(.ARM.Collect$$libinit$$00000000) refers (Special) to libinit2.o(.ARM.Collect$$libinit$$0000001B) for __rt_lib_init_lc_time_1
    libinit.o(.ARM.Collect$$libinit$$00000000) refers (Special) to libinit2.o(.ARM.Collect$$libinit$$00000006) for __rt_lib_init_preinit_1
    libinit.o(.ARM.Collect$$libinit$$00000000) refers (Special) to libinit2.o(.ARM.Collect$$libinit$$00000010) for __rt_lib_init_rand_1
    libinit.o(.ARM.Collect$$libinit$$00000000) refers (Special) to libinit2.o(.ARM.Collect$$libinit$$00000004) for __rt_lib_init_relocate_pie_1
    libinit.o(.ARM.Collect$$libinit$$00000000) refers (Special) to libinit2.o(.ARM.Collect$$libinit$$00000035) for __rt_lib_init_return
    libinit.o(.ARM.Collect$$libinit$$00000000) refers (Special) to libinit2.o(.ARM.Collect$$libinit$$0000001F) for __rt_lib_init_signal_1
    libinit.o(.ARM.Collect$$libinit$$00000000) refers (Special) to libinit2.o(.ARM.Collect$$libinit$$00000027) for __rt_lib_init_stdio_1
    libinit.o(.ARM.Collect$$libinit$$00000000) refers (Special) to libinit2.o(.ARM.Collect$$libinit$$0000000E) for __rt_lib_init_user_alloc_1
    libspace.o(.text) refers to libspace.o(.bss) for __libspace_start
    sys_stackheap.o(.text) refers (Special) to indicate_semi.o(.text) for __semihosting_library_function
    sys_stackheap.o(.text) refers to use_no_semi.o(.text) for __I$use$semihosting
    sys_stackheap_hlt.o(.text) refers (Special) to indicate_semi.o(.text) for __semihosting_library_function
    sys_stackheap_hlt.o(.text) refers to use_no_semi.o(.text) for __I$use$semihosting
    rtexit.o(.ARM.Collect$$rtexit$$00000000) refers (Special) to rtexit2.o(.ARM.Collect$$rtexit$$00000004) for __rt_exit_exit
    rtexit.o(.ARM.Collect$$rtexit$$00000000) refers (Special) to rtexit2.o(.ARM.Collect$$rtexit$$00000003) for __rt_exit_ls
    rtexit.o(.ARM.Collect$$rtexit$$00000000) refers (Special) to rtexit2.o(.ARM.Collect$$rtexit$$00000002) for __rt_exit_prels_1
    rtexit.o(.ARM.exidx) refers (Special) to rtexit2.o(.ARM.Collect$$rtexit$$00000004) for __rt_exit_exit
    rtexit.o(.ARM.exidx) refers (Special) to rtexit2.o(.ARM.Collect$$rtexit$$00000003) for __rt_exit_ls
    rtexit.o(.ARM.exidx) refers (Special) to rtexit2.o(.ARM.Collect$$rtexit$$00000002) for __rt_exit_prels_1
    rtexit.o(.ARM.exidx) refers to rtexit.o(.ARM.Collect$$rtexit$$00000000) for .ARM.Collect$$rtexit$$00000000
    libinit2.o(.ARM.Collect$$libinit$$00000001) refers to fpinit.o(x$fpl$fpinit) for _fp_init
    libinit2.o(.ARM.Collect$$libinit$$00000012) refers to libinit2.o(.ARM.Collect$$libinit$$00000011) for .ARM.Collect$$libinit$$00000011
    libinit2.o(.ARM.Collect$$libinit$$00000014) refers to libinit2.o(.ARM.Collect$$libinit$$00000011) for .ARM.Collect$$libinit$$00000011
    libinit2.o(.ARM.Collect$$libinit$$00000016) refers to libinit2.o(.ARM.Collect$$libinit$$00000011) for .ARM.Collect$$libinit$$00000011
    libinit2.o(.ARM.Collect$$libinit$$00000018) refers to libinit2.o(.ARM.Collect$$libinit$$00000011) for .ARM.Collect$$libinit$$00000011
    libinit2.o(.ARM.Collect$$libinit$$0000001A) refers to libinit2.o(.ARM.Collect$$libinit$$00000011) for .ARM.Collect$$libinit$$00000011
    libinit2.o(.ARM.Collect$$libinit$$00000028) refers to argv_veneer.o(.emb_text) for __ARM_argv_veneer
    libinit2.o(.ARM.Collect$$libinit$$00000029) refers to argv_veneer.o(.emb_text) for __ARM_argv_veneer
    libinit5.o(.ARM.Collect$$libinit$$0000000A) refers to libinit5.o(.ARM.Collect$$libinit$$0000271B) for __lit__00000000
    libinit5.o(.ARM.Collect$$libinit$$0000002C) refers to libinit5.o(.ARM.Collect$$libinit$$0000273D) for __lit__00000002
    libinit5.o(.ARM.Collect$$libinit$$0000002C) refers to argv_veneer.o(.emb_text) for __ARM_argv_veneer
    rtexit2.o(.ARM.Collect$$rtexit$$00000003) refers to libshutdown.o(.ARM.Collect$$libshutdown$$00000000) for __rt_lib_shutdown
    rtexit2.o(.ARM.Collect$$rtexit$$00000004) refers to sys_exit.o(.text) for _sys_exit
    rtexit2.o(.ARM.exidx) refers to rtexit2.o(.ARM.Collect$$rtexit$$00000001) for .ARM.Collect$$rtexit$$00000001
    rtexit2.o(.ARM.exidx) refers to rtexit2.o(.ARM.Collect$$rtexit$$00000003) for .ARM.Collect$$rtexit$$00000003
    rtexit2.o(.ARM.exidx) refers to rtexit2.o(.ARM.Collect$$rtexit$$00000004) for .ARM.Collect$$rtexit$$00000004
    argv_veneer.o(.emb_text) refers to no_argv.o(.text) for __ARM_get_argv
    sys_exit.o(.text) refers (Special) to use_no_semi.o(.text) for __I$use$semihosting
    sys_exit.o(.text) refers (Special) to indicate_semi.o(.text) for __semihosting_library_function
    sys_exit_hlt.o(.text) refers (Special) to use_no_semi.o(.text) for __I$use$semihosting
    sys_exit_hlt.o(.text) refers (Special) to indicate_semi.o(.text) for __semihosting_library_function
    _get_argv_nomalloc.o(.text) refers (Special) to hrguard.o(.text) for __heap_region$guard
    _get_argv_nomalloc.o(.text) refers to defsig_rtmem_outer.o(.text) for __rt_SIGRTMEM
    _get_argv_nomalloc.o(.text) refers to sys_command.o(.text) for _sys_command_string
    libshutdown.o(.ARM.Collect$$libshutdown$$00000000) refers (Special) to libshutdown2.o(.ARM.Collect$$libshutdown$$00000002) for __rt_lib_shutdown_cpp_1
    libshutdown.o(.ARM.Collect$$libshutdown$$00000000) refers (Special) to libshutdown2.o(.ARM.Collect$$libshutdown$$00000007) for __rt_lib_shutdown_fp_trap_1
    libshutdown.o(.ARM.Collect$$libshutdown$$00000000) refers (Special) to libshutdown2.o(.ARM.Collect$$libshutdown$$0000000F) for __rt_lib_shutdown_heap_1
    libshutdown.o(.ARM.Collect$$libshutdown$$00000000) refers (Special) to libshutdown2.o(.ARM.Collect$$libshutdown$$00000010) for __rt_lib_shutdown_return
    libshutdown.o(.ARM.Collect$$libshutdown$$00000000) refers (Special) to libshutdown2.o(.ARM.Collect$$libshutdown$$0000000A) for __rt_lib_shutdown_signal_1
    libshutdown.o(.ARM.Collect$$libshutdown$$00000000) refers (Special) to libshutdown2.o(.ARM.Collect$$libshutdown$$00000004) for __rt_lib_shutdown_stdio_1
    libshutdown.o(.ARM.Collect$$libshutdown$$00000000) refers (Special) to libshutdown2.o(.ARM.Collect$$libshutdown$$0000000C) for __rt_lib_shutdown_user_alloc_1
    sys_command.o(.text) refers (Special) to use_no_semi.o(.text) for __I$use$semihosting
    sys_command.o(.text) refers (Special) to indicate_semi.o(.text) for __semihosting_library_function
    sys_command_hlt.o(.text) refers (Special) to use_no_semi.o(.text) for __I$use$semihosting
    sys_command_hlt.o(.text) refers (Special) to indicate_semi.o(.text) for __semihosting_library_function
    defsig_rtmem_outer.o(.text) refers to defsig_rtmem_inner.o(.text) for __rt_SIGRTMEM_inner
    defsig_rtmem_outer.o(.text) refers to defsig_exit.o(.text) for __sig_exit
    defsig_rtmem_formal.o(.text) refers to rt_raise.o(.text) for __rt_raise
    rt_raise.o(.text) refers to __raise.o(.text) for __raise
    rt_raise.o(.text) refers to sys_exit.o(.text) for _sys_exit
    defsig_exit.o(.text) refers to sys_exit.o(.text) for _sys_exit
    defsig_rtmem_inner.o(.text) refers to defsig_general.o(.text) for __default_signal_display
    __raise.o(.text) refers to defsig.o(CL$$defsig) for __default_signal_handler
    defsig_general.o(.text) refers to sys_wrch.o(.text) for _ttywrch
    sys_wrch.o(.text) refers (Special) to use_no_semi.o(.text) for __I$use$semihosting
    sys_wrch.o(.text) refers (Special) to indicate_semi.o(.text) for __semihosting_library_function
    sys_wrch_hlt.o(.text) refers (Special) to use_no_semi.o(.text) for __I$use$semihosting
    sys_wrch_hlt.o(.text) refers (Special) to indicate_semi.o(.text) for __semihosting_library_function
    defsig.o(CL$$defsig) refers to defsig_rtmem_inner.o(.text) for __rt_SIGRTMEM_inner
    defsig_abrt_inner.o(.text) refers to defsig_general.o(.text) for __default_signal_display
    defsig_fpe_inner.o(.text) refers to defsig_general.o(.text) for __default_signal_display
    defsig_rtred_inner.o(.text) refers to defsig_general.o(.text) for __default_signal_display
    defsig_stak_inner.o(.text) refers to defsig_general.o(.text) for __default_signal_display
    defsig_pvfn_inner.o(.text) refers to defsig_general.o(.text) for __default_signal_display
    defsig_cppl_inner.o(.text) refers to defsig_general.o(.text) for __default_signal_display
    defsig_segv_inner.o(.text) refers to defsig_general.o(.text) for __default_signal_display
    defsig_other.o(.text) refers to defsig_general.o(.text) for __default_signal_display


==============================================================================

Removing Unused input sections from the image.

    Removing main.o(.text), (0 bytes).
    Removing main.o(.ARM.exidx.text.main), (8 bytes).
    Removing main.o(.ARM.use_no_argv), (4 bytes).
    Removing softtimer.o(.text), (0 bytes).
    Removing softtimer.o(.text.Function_LedRed), (12 bytes).
    Removing softtimer.o(.ARM.exidx.text.Function_LedRed), (8 bytes).
    Removing softtimer.o(.text.Function_LedGreen), (12 bytes).
    Removing softtimer.o(.ARM.exidx.text.Function_LedGreen), (8 bytes).
    Removing softtimer.o(.text.Function_LedBlue), (12 bytes).
    Removing softtimer.o(.ARM.exidx.text.Function_LedBlue), (8 bytes).
    Removing softtimer.o(.text.Softtimer_Init), (58 bytes).
    Removing softtimer.o(.ARM.exidx.text.Softtimer_Init), (8 bytes).
    Removing softtimer.o(.text.Softtimer_StartTimer), (100 bytes).
    Removing softtimer.o(.ARM.exidx.text.Softtimer_StartTimer), (8 bytes).
    Removing softtimer.o(.text.Softtimer_StopTimer), (30 bytes).
    Removing softtimer.o(.ARM.exidx.text.Softtimer_StopTimer), (8 bytes).
    Removing softtimer.o(.text.Softtimer_MainFunction), (202 bytes).
    Removing softtimer.o(.ARM.exidx.text.Softtimer_MainFunction), (8 bytes).
    Removing softtimer.o(.ARM.exidx.text.SysTick_Handler), (8 bytes).
    Removing softtimer.o(.bss.TIMER), (100 bytes).
    Removing lpit.o(.text), (0 bytes).
    Removing lpit.o(.text.MainLPIT_Test), (60 bytes).
    Removing lpit.o(.ARM.exidx.text.MainLPIT_Test), (8 bytes).
    Removing lpit.o(.ARM.exidx.text.LPIT_Init_CH0), (8 bytes).
    Removing lpit.o(.text.LPIT_CH0_Delay_ms), (42 bytes).
    Removing lpit.o(.ARM.exidx.text.LPIT_CH0_Delay_ms), (8 bytes).
    Removing lpit.o(.ARM.exidx.text.LPIT0_Ch0_IRQHandler), (8 bytes).
    Removing uart.o(.text), (0 bytes).
    Removing uart.o(.ARM.exidx.text.Uart_Init), (8 bytes).
    Removing uart.o(.ARM.exidx.text.UART1_GPIO_Config), (8 bytes).
    Removing uart.o(.text.Uart_Transmit), (134 bytes).
    Removing uart.o(.ARM.exidx.text.Uart_Transmit), (8 bytes).
    Removing uart.o(.text.Uart_GetTransmitState), (12 bytes).
    Removing uart.o(.ARM.exidx.text.Uart_GetTransmitState), (8 bytes).
    Removing uart.o(.text.Uart_TxMainFunction), (130 bytes).
    Removing uart.o(.ARM.exidx.text.Uart_TxMainFunction), (8 bytes).
    Removing uart.o(.ARM.exidx.text.Uart_GetReceiveData), (8 bytes).
    Removing uart.o(.ARM.exidx.text.UART1_WriteMultiData), (8 bytes).
    Removing uart.o(.text.Uart_GetReceiveState), (12 bytes).
    Removing uart.o(.ARM.exidx.text.Uart_GetReceiveState), (8 bytes).
    Removing uart.o(.ARM.exidx.text.Uart_RxMainFunction), (8 bytes).
    Removing uart.o(.ARM.exidx.text.LPUART1_RxTx_IRQHandler), (8 bytes).
    Removing uart.o(.ARM.exidx.text.UART_MAIN_TEST), (8 bytes).
    Removing uart.o(.ARM.exidx.text.UART1_WriteData), (8 bytes).
    Removing uart.o(.bss.Software_Buffer_Send), (20 bytes).
    Removing uart.o(.bss.LengthBufferSend), (4 bytes).
    Removing uart.o(.bss.Uart_TxMainFunction.idex), (4 bytes).
    Removing gpio.o(.text), (0 bytes).
    Removing gpio.o(.ARM.exidx.text.Gpio_Init), (8 bytes).
    Removing gpio.o(.text.Gpio_GetPinValue), (180 bytes).
    Removing gpio.o(.ARM.exidx.text.Gpio_GetPinValue), (8 bytes).
    Removing gpio.o(.text.Gpio_SetPinValue), (358 bytes).
    Removing gpio.o(.ARM.exidx.text.Gpio_SetPinValue), (8 bytes).
    Removing gpio.o(.text.Gpio_TogglePin), (178 bytes).
    Removing gpio.o(.ARM.exidx.text.Gpio_TogglePin), (8 bytes).
    Removing gpio.o(.text.Delay), (110 bytes).
    Removing gpio.o(.ARM.exidx.text.Delay), (8 bytes).
    Removing gpio.o(.text.Program1), (136 bytes).
    Removing gpio.o(.ARM.exidx.text.Program1), (8 bytes).
    Removing gpio.o(.text.Program2), (100 bytes).
    Removing gpio.o(.ARM.exidx.text.Program2), (8 bytes).
    Removing gpio.o(.text.Assignment3_MAIN), (142 bytes).
    Removing gpio.o(.ARM.exidx.text.Assignment3_MAIN), (8 bytes).
    Removing gpio_isr.o(.text), (0 bytes).
    Removing gpio_isr.o(.ARM.exidx.text.PORTC_IRQHandler), (8 bytes).
    Removing nvic.o(.text), (0 bytes).
    Removing nvic.o(.ARM.exidx.text.NVIC_EnableInterrupt), (8 bytes).
    Removing nvic.o(.text.NVIC_DisableInterrupt), (50 bytes).
    Removing nvic.o(.ARM.exidx.text.NVIC_DisableInterrupt), (8 bytes).
    Removing nvic.o(.ARM.exidx.text.NVIC_ClearPendingFlag), (8 bytes).
    Removing nvic.o(.ARM.exidx.text.NVIC_SetPriority), (8 bytes).
    Removing spi.o(.text), (0 bytes).
    Removing spi.o(.text.SPI0_Init), (234 bytes).
    Removing spi.o(.ARM.exidx.text.SPI0_Init), (8 bytes).
    Removing spi.o(.text.SPI0_GPIO_Config), (106 bytes).
    Removing spi.o(.ARM.exidx.text.SPI0_GPIO_Config), (8 bytes).
    Removing spi.o(.text.SPI0_Transmit_16bit), (56 bytes).
    Removing spi.o(.ARM.exidx.text.SPI0_Transmit_16bit), (8 bytes).
    Removing spi.o(.text.SPI1_Init), (136 bytes).
    Removing spi.o(.ARM.exidx.text.SPI1_Init), (8 bytes).
    Removing spi.o(.text.SPI1_GPIO_Config), (106 bytes).
    Removing spi.o(.ARM.exidx.text.SPI1_GPIO_Config), (8 bytes).
    Removing spi.o(.text.SPI1_Transmit), (44 bytes).
    Removing spi.o(.ARM.exidx.text.SPI1_Transmit), (8 bytes).
    Removing spi.o(.text.LPSPI_init), (144 bytes).
    Removing spi.o(.ARM.exidx.text.LPSPI_init), (8 bytes).
    Removing spi.o(.text.SPI_MAIN_TEST), (106 bytes).
    Removing spi.o(.ARM.exidx.text.SPI_MAIN_TEST), (8 bytes).
    Removing spi.o(.data.Data), (1 bytes).
    Removing clock.o(.text), (0 bytes).
    Removing clock.o(.ARM.exidx.text.SOSC_Init_8Mhz), (8 bytes).
    Removing clock.o(.ARM.exidx.text.SPLL_Init), (8 bytes).
    Removing clock.o(.ARM.exidx.text.Run_Mode_Clock), (8 bytes).
    Removing clock.o(.text.CheckClock), (114 bytes).
    Removing clock.o(.ARM.exidx.text.CheckClock), (8 bytes).
    Removing clock.o(.text.EnableClockPortA), (56 bytes).
    Removing clock.o(.ARM.exidx.text.EnableClockPortA), (8 bytes).
    Removing clock.o(.text.EnableClockPortB), (56 bytes).
    Removing clock.o(.ARM.exidx.text.EnableClockPortB), (8 bytes).
    Removing clock.o(.ARM.exidx.text.EnableClockPortC), (8 bytes).
    Removing clock.o(.ARM.exidx.text.EnableClockPortD), (8 bytes).
    Removing clock.o(.text.EnableClockPortE), (56 bytes).
    Removing clock.o(.ARM.exidx.text.EnableClockPortE), (8 bytes).
    Removing clock.o(.ARM.exidx.text.LPIT_CLK_ENABLE), (8 bytes).
    Removing clock.o(.text.UART0_CLK_ENABLE), (196 bytes).
    Removing clock.o(.ARM.exidx.text.UART0_CLK_ENABLE), (8 bytes).
    Removing clock.o(.ARM.exidx.text.UART1_CLK_ENABLE), (8 bytes).
    Removing clock.o(.text.SPI0_CLK_ENABLE), (196 bytes).
    Removing clock.o(.ARM.exidx.text.SPI0_CLK_ENABLE), (8 bytes).
    Removing clock.o(.text.SPI1_CLK_ENABLE), (196 bytes).
    Removing clock.o(.ARM.exidx.text.SPI1_CLK_ENABLE), (8 bytes).
    Removing clock.o(.text.SPI2_CLK_ENABLE), (196 bytes).
    Removing clock.o(.ARM.exidx.text.SPI2_CLK_ENABLE), (8 bytes).
    Removing startup.o(.text), (0 bytes).
    Removing startup.o(.ARM.exidx.text.init_data_bss), (8 bytes).
    Removing system_s32k144.o(.text), (0 bytes).
    Removing system_s32k144.o(.ARM.exidx.text.SystemInit), (8 bytes).
    Removing system_s32k144.o(.text.SystemCoreClockUpdate), (254 bytes).
    Removing system_s32k144.o(.ARM.exidx.text.SystemCoreClockUpdate), (8 bytes).
    Removing system_s32k144.o(.text.SystemSoftwareReset), (48 bytes).
    Removing system_s32k144.o(.ARM.exidx.text.SystemSoftwareReset), (8 bytes).
    Removing system_s32k144.o(.data.SystemCoreClock), (4 bytes).
    Removing system_s32k144.o(.rodata.SystemCoreClockUpdate.fircFreq), (4 bytes).

123 unused section(s) (total 5031 bytes) removed from the image.

==============================================================================

Image Symbol Table

    Local Symbols

    Symbol Name                              Value     Ov Type        Size  Object(Section)

    ../clib/angel/boardlib.s                 0x00000000   Number         0  boardinit1.o ABSOLUTE
    ../clib/angel/boardlib.s                 0x00000000   Number         0  boardinit2.o ABSOLUTE
    ../clib/angel/boardlib.s                 0x00000000   Number         0  boardinit3.o ABSOLUTE
    ../clib/angel/boardlib.s                 0x00000000   Number         0  boardshut.o ABSOLUTE
    ../clib/angel/handlers.s                 0x00000000   Number         0  __scatter_zi.o ABSOLUTE
    ../clib/angel/kernel.s                   0x00000000   Number         0  __rtentry.o ABSOLUTE
    ../clib/angel/kernel.s                   0x00000000   Number         0  __rtentry2.o ABSOLUTE
    ../clib/angel/kernel.s                   0x00000000   Number         0  __rtentry4.o ABSOLUTE
    ../clib/angel/kernel.s                   0x00000000   Number         0  __rtentry7.o ABSOLUTE
    ../clib/angel/kernel.s                   0x00000000   Number         0  rtexit.o ABSOLUTE
    ../clib/angel/kernel.s                   0x00000000   Number         0  rtexit2.o ABSOLUTE
    ../clib/angel/rt.s                       0x00000000   Number         0  rt_raise.o ABSOLUTE
    ../clib/angel/scatter.s                  0x00000000   Number         0  __scatter.o ABSOLUTE
    ../clib/angel/startup.s                  0x00000000   Number         0  __main.o ABSOLUTE
    ../clib/angel/sys.s                      0x00000000   Number         0  sys_stackheap_outer.o ABSOLUTE
    ../clib/angel/sys.s                      0x00000000   Number         0  libspace.o ABSOLUTE
    ../clib/angel/sys.s                      0x00000000   Number         0  sys_stackheap.o ABSOLUTE
    ../clib/angel/sys.s                      0x00000000   Number         0  sys_stackheap_hlt.o ABSOLUTE
    ../clib/angel/sys.s                      0x00000000   Number         0  use_no_semi.o ABSOLUTE
    ../clib/angel/sys.s                      0x00000000   Number         0  indicate_semi.o ABSOLUTE
    ../clib/angel/sysapp.c                   0x00000000   Number         0  sys_exit.o ABSOLUTE
    ../clib/angel/sysapp.c                   0x00000000   Number         0  sys_exit_hlt.o ABSOLUTE
    ../clib/angel/sysapp.c                   0x00000000   Number         0  sys_command.o ABSOLUTE
    ../clib/angel/sysapp.c                   0x00000000   Number         0  sys_command_hlt.o ABSOLUTE
    ../clib/angel/sysapp.c                   0x00000000   Number         0  sys_wrch.o ABSOLUTE
    ../clib/angel/sysapp.c                   0x00000000   Number         0  sys_wrch_hlt.o ABSOLUTE
    ../clib/armsys.c                         0x00000000   Number         0  argv_veneer.o ABSOLUTE
    ../clib/armsys.c                         0x00000000   Number         0  argv_veneer.o ABSOLUTE
    ../clib/armsys.c                         0x00000000   Number         0  _get_argv_nomalloc.o ABSOLUTE
    ../clib/armsys.c                         0x00000000   Number         0  no_argv.o ABSOLUTE
    ../clib/heapalloc.c                      0x00000000   Number         0  hrguard.o ABSOLUTE
    ../clib/libinit.s                        0x00000000   Number         0  libinit.o ABSOLUTE
    ../clib/libinit.s                        0x00000000   Number         0  libinit2.o ABSOLUTE
    ../clib/libinit.s                        0x00000000   Number         0  libinit5.o ABSOLUTE
    ../clib/libinit.s                        0x00000000   Number         0  libshutdown.o ABSOLUTE
    ../clib/libinit.s                        0x00000000   Number         0  libshutdown2.o ABSOLUTE
    ../clib/signal.c                         0x00000000   Number         0  defsig_rtmem_outer.o ABSOLUTE
    ../clib/signal.c                         0x00000000   Number         0  defsig_rtmem_formal.o ABSOLUTE
    ../clib/signal.c                         0x00000000   Number         0  defsig_exit.o ABSOLUTE
    ../clib/signal.c                         0x00000000   Number         0  defsig_rtmem_inner.o ABSOLUTE
    ../clib/signal.c                         0x00000000   Number         0  __raise.o ABSOLUTE
    ../clib/signal.c                         0x00000000   Number         0  defsig_general.o ABSOLUTE
    ../clib/signal.c                         0x00000000   Number         0  defsig_abrt_inner.o ABSOLUTE
    ../clib/signal.c                         0x00000000   Number         0  defsig_fpe_inner.o ABSOLUTE
    ../clib/signal.c                         0x00000000   Number         0  defsig_rtred_inner.o ABSOLUTE
    ../clib/signal.c                         0x00000000   Number         0  defsig_stak_inner.o ABSOLUTE
    ../clib/signal.c                         0x00000000   Number         0  defsig_pvfn_inner.o ABSOLUTE
    ../clib/signal.c                         0x00000000   Number         0  defsig_cppl_inner.o ABSOLUTE
    ../clib/signal.c                         0x00000000   Number         0  defsig_segv_inner.o ABSOLUTE
    ../clib/signal.c                         0x00000000   Number         0  defsig_other.o ABSOLUTE
    ../clib/signal.s                         0x00000000   Number         0  defsig.o ABSOLUTE
    ../clib/stdlib.c                         0x00000000   Number         0  exit.o ABSOLUTE
    ../fplib/fpinit.s                        0x00000000   Number         0  fpinit.o ABSOLUTE
    CLOCK.c                                  0x00000000   Number         0  clock.o ABSOLUTE
    Gpio.c                                   0x00000000   Number         0  gpio.o ABSOLUTE
    Gpio_Isr.c                               0x00000000   Number         0  gpio_isr.o ABSOLUTE
    LPIT.c                                   0x00000000   Number         0  lpit.o ABSOLUTE
    NVIC.c                                   0x00000000   Number         0  nvic.o ABSOLUTE
    RTE\Device\S32K144HAxxxLLx\startup_S32K144.S 0x00000000   Number         0  startup_s32k144.o ABSOLUTE
    SPI.c                                    0x00000000   Number         0  spi.o ABSOLUTE
    Softtimer.c                              0x00000000   Number         0  softtimer.o ABSOLUTE
    UART.c                                   0x00000000   Number         0  uart.o ABSOLUTE
    dc.s                                     0x00000000   Number         0  dc.o ABSOLUTE
    main.c                                   0x00000000   Number         0  main.o ABSOLUTE
    startup.c                                0x00000000   Number         0  startup.o ABSOLUTE
    system_S32K144.c                         0x00000000   Number         0  system_s32k144.o ABSOLUTE
    RESET                                    0x00000000   Section      560  startup_s32k144.o(RESET)
    FlashConfig                              0x00000400   Section       16  startup_s32k144.o(FlashConfig)
    s_vectors                                0x00000410   Data           4  startup.o(.rodata.s_vectors)
    [Anonymous Symbol]                       0x00000410   Section        0  startup.o(.rodata.s_vectors)
    !!!main                                  0x00000414   Section        8  __main.o(!!!main)
    !!!scatter                               0x0000041c   Section       52  __scatter.o(!!!scatter)
    !!handler_zi                             0x00000450   Section       28  __scatter_zi.o(!!handler_zi)
    .ARM.Collect$$libinit$$00000000          0x0000046c   Section        2  libinit.o(.ARM.Collect$$libinit$$00000000)
    .ARM.Collect$$libinit$$00000001          0x0000046e   Section        4  libinit2.o(.ARM.Collect$$libinit$$00000001)
    .ARM.Collect$$libinit$$00000004          0x00000472   Section        0  libinit2.o(.ARM.Collect$$libinit$$00000004)
    .ARM.Collect$$libinit$$00000006          0x00000472   Section        0  libinit2.o(.ARM.Collect$$libinit$$00000006)
    .ARM.Collect$$libinit$$0000000C          0x00000472   Section        0  libinit2.o(.ARM.Collect$$libinit$$0000000C)
    .ARM.Collect$$libinit$$0000000E          0x00000472   Section        0  libinit2.o(.ARM.Collect$$libinit$$0000000E)
    .ARM.Collect$$libinit$$00000010          0x00000472   Section        0  libinit2.o(.ARM.Collect$$libinit$$00000010)
    .ARM.Collect$$libinit$$00000013          0x00000472   Section        0  libinit2.o(.ARM.Collect$$libinit$$00000013)
    .ARM.Collect$$libinit$$00000015          0x00000472   Section        0  libinit2.o(.ARM.Collect$$libinit$$00000015)
    .ARM.Collect$$libinit$$00000017          0x00000472   Section        0  libinit2.o(.ARM.Collect$$libinit$$00000017)
    .ARM.Collect$$libinit$$00000019          0x00000472   Section        0  libinit2.o(.ARM.Collect$$libinit$$00000019)
    .ARM.Collect$$libinit$$0000001B          0x00000472   Section        0  libinit2.o(.ARM.Collect$$libinit$$0000001B)
    .ARM.Collect$$libinit$$0000001D          0x00000472   Section        0  libinit2.o(.ARM.Collect$$libinit$$0000001D)
    .ARM.Collect$$libinit$$0000001F          0x00000472   Section        0  libinit2.o(.ARM.Collect$$libinit$$0000001F)
    .ARM.Collect$$libinit$$00000021          0x00000472   Section        0  libinit2.o(.ARM.Collect$$libinit$$00000021)
    .ARM.Collect$$libinit$$00000023          0x00000472   Section        0  libinit2.o(.ARM.Collect$$libinit$$00000023)
    .ARM.Collect$$libinit$$00000025          0x00000472   Section        0  libinit2.o(.ARM.Collect$$libinit$$00000025)
    .ARM.Collect$$libinit$$00000027          0x00000472   Section        0  libinit2.o(.ARM.Collect$$libinit$$00000027)
    .ARM.Collect$$libinit$$0000002E          0x00000472   Section        0  libinit2.o(.ARM.Collect$$libinit$$0000002E)
    .ARM.Collect$$libinit$$00000030          0x00000472   Section        0  libinit2.o(.ARM.Collect$$libinit$$00000030)
    .ARM.Collect$$libinit$$00000032          0x00000472   Section        0  libinit2.o(.ARM.Collect$$libinit$$00000032)
    .ARM.Collect$$libinit$$00000034          0x00000472   Section        0  libinit2.o(.ARM.Collect$$libinit$$00000034)
    .ARM.Collect$$libinit$$00000035          0x00000472   Section        2  libinit2.o(.ARM.Collect$$libinit$$00000035)
    .ARM.Collect$$libshutdown$$00000000      0x00000474   Section        2  libshutdown.o(.ARM.Collect$$libshutdown$$00000000)
    .ARM.Collect$$libshutdown$$00000002      0x00000476   Section        0  libshutdown2.o(.ARM.Collect$$libshutdown$$00000002)
    .ARM.Collect$$libshutdown$$00000004      0x00000476   Section        0  libshutdown2.o(.ARM.Collect$$libshutdown$$00000004)
    .ARM.Collect$$libshutdown$$00000007      0x00000476   Section        0  libshutdown2.o(.ARM.Collect$$libshutdown$$00000007)
    .ARM.Collect$$libshutdown$$0000000A      0x00000476   Section        0  libshutdown2.o(.ARM.Collect$$libshutdown$$0000000A)
    .ARM.Collect$$libshutdown$$0000000C      0x00000476   Section        0  libshutdown2.o(.ARM.Collect$$libshutdown$$0000000C)
    .ARM.Collect$$libshutdown$$0000000F      0x00000476   Section        0  libshutdown2.o(.ARM.Collect$$libshutdown$$0000000F)
    .ARM.Collect$$libshutdown$$00000010      0x00000476   Section        2  libshutdown2.o(.ARM.Collect$$libshutdown$$00000010)
    .ARM.Collect$$rtentry$$00000000          0x00000478   Section        0  __rtentry.o(.ARM.Collect$$rtentry$$00000000)
    .ARM.Collect$$rtentry$$00000002          0x00000478   Section        0  __rtentry2.o(.ARM.Collect$$rtentry$$00000002)
    .ARM.Collect$$rtentry$$00000007          0x00000478   Section        4  __rtentry7.o(.ARM.Collect$$rtentry$$00000007)
    .ARM.Collect$$rtentry$$00000009          0x0000047c   Section        0  __rtentry2.o(.ARM.Collect$$rtentry$$00000009)
    .ARM.Collect$$rtentry$$0000000A          0x0000047c   Section        4  __rtentry2.o(.ARM.Collect$$rtentry$$0000000A)
    .ARM.Collect$$rtentry$$0000000C          0x00000480   Section        0  __rtentry2.o(.ARM.Collect$$rtentry$$0000000C)
    .ARM.Collect$$rtentry$$0000000D          0x00000480   Section        8  __rtentry2.o(.ARM.Collect$$rtentry$$0000000D)
    __lit__00000000                          0x00000488   Data           4  __rtentry7.o(.ARM.Collect$$rtentry$$00002718)
    .ARM.Collect$$rtentry$$00002718          0x00000488   Section        4  __rtentry7.o(.ARM.Collect$$rtentry$$00002718)
    .ARM.Collect$$rtexit$$00000000           0x0000048c   Section        2  rtexit.o(.ARM.Collect$$rtexit$$00000000)
    .ARM.Collect$$rtexit$$00000002           0x0000048e   Section        0  rtexit2.o(.ARM.Collect$$rtexit$$00000002)
    .ARM.Collect$$rtexit$$00000003           0x0000048e   Section        4  rtexit2.o(.ARM.Collect$$rtexit$$00000003)
    .ARM.Collect$$rtexit$$00000004           0x00000492   Section        6  rtexit2.o(.ARM.Collect$$rtexit$$00000004)
    .text                                    0x00000498   Section      156  startup_s32k144.o(.text)
    $v0                                      0x000004ec   Number         0  startup_s32k144.o(.text)
    .text                                    0x00000534   Section        0  exit.o(.text)
    .text                                    0x00000546   Section        2  use_no_semi.o(.text)
    .text                                    0x00000548   Section        0  indicate_semi.o(.text)
    .text                                    0x00000548   Section        0  sys_exit.o(.text)
    [Anonymous Symbol]                       0x00000554   Section        0  clock.o(.text.EnableClockPortC)
    [Anonymous Symbol]                       0x0000058c   Section        0  clock.o(.text.EnableClockPortD)
    [Anonymous Symbol]                       0x000005c4   Section        0  gpio.o(.text.Gpio_Init)
    [Anonymous Symbol]                       0x000006cc   Section        0  lpit.o(.text.LPIT0_Ch0_IRQHandler)
    [Anonymous Symbol]                       0x000006ec   Section        0  clock.o(.text.LPIT_CLK_ENABLE)
    [Anonymous Symbol]                       0x000007b0   Section        0  lpit.o(.text.LPIT_Init_CH0)
    [Anonymous Symbol]                       0x00000818   Section        0  uart.o(.text.LPUART1_RxTx_IRQHandler)
    [Anonymous Symbol]                       0x0000082c   Section        0  nvic.o(.text.NVIC_ClearPendingFlag)
    [Anonymous Symbol]                       0x00000860   Section        0  nvic.o(.text.NVIC_EnableInterrupt)
    [Anonymous Symbol]                       0x00000894   Section        0  nvic.o(.text.NVIC_SetPriority)
    [Anonymous Symbol]                       0x000008cc   Section        0  gpio_isr.o(.text.PORTC_IRQHandler)
    [Anonymous Symbol]                       0x00000930   Section        0  clock.o(.text.Run_Mode_Clock)
    [Anonymous Symbol]                       0x000009dc   Section        0  clock.o(.text.SOSC_Init_8Mhz)
    [Anonymous Symbol]                       0x00000a54   Section        0  clock.o(.text.SPLL_Init)
    [Anonymous Symbol]                       0x00000b28   Section        0  softtimer.o(.text.SysTick_Handler)
    [Anonymous Symbol]                       0x00000b38   Section        0  system_s32k144.o(.text.SystemInit)
    [Anonymous Symbol]                       0x00000b8c   Section        0  clock.o(.text.UART1_CLK_ENABLE)
    UART1_GPIO_Config                        0x00000c51   Thumb Code    58  uart.o(.text.UART1_GPIO_Config)
    [Anonymous Symbol]                       0x00000c50   Section        0  uart.o(.text.UART1_GPIO_Config)
    UART1_WriteData                          0x00000c8d   Thumb Code    44  uart.o(.text.UART1_WriteData)
    [Anonymous Symbol]                       0x00000c8c   Section        0  uart.o(.text.UART1_WriteData)
    UART1_WriteMultiData                     0x00000cb9   Thumb Code    56  uart.o(.text.UART1_WriteMultiData)
    [Anonymous Symbol]                       0x00000cb8   Section        0  uart.o(.text.UART1_WriteMultiData)
    [Anonymous Symbol]                       0x00000cf0   Section        0  uart.o(.text.UART_MAIN_TEST)
    [Anonymous Symbol]                       0x00000d30   Section        0  uart.o(.text.Uart_GetReceiveData)
    [Anonymous Symbol]                       0x00000df4   Section        0  uart.o(.text.Uart_Init)
    [Anonymous Symbol]                       0x00000e98   Section        0  uart.o(.text.Uart_RxMainFunction)
    [Anonymous Symbol]                       0x00000ee0   Section        0  startup.o(.text.init_data_bss)
    [Anonymous Symbol]                       0x00000f80   Section        0  main.o(.text.main)
    $v0                                      0x00000f8a   Number         0  fpinit.o(x$fpl$fpinit)
    x$fpl$fpinit                             0x00000f8a   Section       26  fpinit.o(x$fpl$fpinit)
    Count                                    0x20000000   Data           4  lpit.o(.bss.Count)
    [Anonymous Symbol]                       0x20000000   Section        0  lpit.o(.bss.Count)
    Index_Read                               0x20000004   Data           1  uart.o(.bss.Index_Read)
    [Anonymous Symbol]                       0x20000004   Section        0  uart.o(.bss.Index_Read)
    Index_Write                              0x20000005   Data           1  uart.o(.bss.Index_Write)
    [Anonymous Symbol]                       0x20000005   Section        0  uart.o(.bss.Index_Write)
    LengthBufferRead                         0x20000008   Data           4  uart.o(.bss.LengthBufferRead)
    [Anonymous Symbol]                       0x20000008   Section        0  uart.o(.bss.LengthBufferRead)
    Receive_State                            0x2000000c   Data           1  uart.o(.bss.Receive_State)
    [Anonymous Symbol]                       0x2000000c   Section        0  uart.o(.bss.Receive_State)
    TestReadData                             0x20000022   Data          20  uart.o(.bss.TestReadData)
    [Anonymous Symbol]                       0x20000022   Section        0  uart.o(.bss.TestReadData)
    TimeCountMs                              0x20000038   Data           4  softtimer.o(.bss.TimeCountMs)
    [Anonymous Symbol]                       0x20000038   Section        0  softtimer.o(.bss.TimeCountMs)
    Transmit_State                           0x2000003c   Data           1  uart.o(.bss.Transmit_State)
    [Anonymous Symbol]                       0x2000003c   Section        0  uart.o(.bss.Transmit_State)

    Global Symbols

    Symbol Name                              Value     Ov Type        Size  Object(Section)

    BuildAttributes$$THM_ISAv4$E$P$D$K$B$S$7EM$VFPi3$EXTD16$VFPS$VFMA$PE$A:L22UL41UL21$X:L11$S22US41US21$IEEE1$IW$~IW$USESV6$~STKCKD$USESV7$~SHL$OSPACE$ROPI$EBA8$UX$STANDARDLIB$REQ8$PRES8$EABIv2 0x00000000   Number         0  anon$$obj.o ABSOLUTE
    Image$$RW_m_code$$Length                 0x00000000   Number         0  anon$$obj.o ABSOLUTE
    Image$$RW_m_data$$Length                 0x00000000   Number         0  anon$$obj.o ABSOLUTE
    Image$$VECTOR_RAM$$Length                0x00000000   Number         0  anon$$obj.o ABSOLUTE
    Image$$VECTOR_ROM$$Base                  0x00000000   Number         0  anon$$obj.o ABSOLUTE
    __Vectors                                0x00000000   Data           4  startup_s32k144.o(RESET)
    Image$$ZI$$Limit                          - Undefined Weak Reference
    __ARM_exceptions_init                     - Undefined Weak Reference
    __alloca_initialize                       - Undefined Weak Reference
    __arm_preinit_                            - Undefined Weak Reference
    __arm_relocate_pie_                       - Undefined Weak Reference
    __cpp_initialize__aeabi_                  - Undefined Weak Reference
    __cxa_finalize                            - Undefined Weak Reference
    __rt_locale                               - Undefined Weak Reference
    __sigvec_lookup                           - Undefined Weak Reference
    _atexit_init                              - Undefined Weak Reference
    _call_atexit_fns                          - Undefined Weak Reference
    _clock_init                               - Undefined Weak Reference
    _fp_trap_init                             - Undefined Weak Reference
    _fp_trap_shutdown                         - Undefined Weak Reference
    _get_lc_collate                           - Undefined Weak Reference
    _get_lc_ctype                             - Undefined Weak Reference
    _get_lc_monetary                          - Undefined Weak Reference
    _get_lc_numeric                           - Undefined Weak Reference
    _get_lc_time                              - Undefined Weak Reference
    _getenv_init                              - Undefined Weak Reference
    _handle_redirection                       - Undefined Weak Reference
    _init_alloc                               - Undefined Weak Reference
    _init_user_alloc                          - Undefined Weak Reference
    _initio                                   - Undefined Weak Reference
    _rand_init                                - Undefined Weak Reference
    _signal_finish                            - Undefined Weak Reference
    _signal_init                              - Undefined Weak Reference
    _terminate_alloc                          - Undefined Weak Reference
    _terminate_user_alloc                     - Undefined Weak Reference
    _terminateio                              - Undefined Weak Reference
    Image$$VECTOR_ROM$$Length                0x00000230   Number         0  anon$$obj.o ABSOLUTE
    Image$$VECTOR_ROM$$Limit                 0x00000230   Number         0  anon$$obj.o ABSOLUTE
    Image$$ER_m_text_const$$Base             0x00000410   Number         0  anon$$obj.o ABSOLUTE
    Image$$ER_m_text_const$$Limit            0x00000414   Number         0  anon$$obj.o ABSOLUTE
    __main                                   0x00000415   Thumb Code     8  __main.o(!!!main)
    __scatterload                            0x0000041d   Thumb Code     0  __scatter.o(!!!scatter)
    __scatterload_rt2                        0x0000041d   Thumb Code    44  __scatter.o(!!!scatter)
    __scatterload_rt2_thumb_only             0x0000041d   Thumb Code     0  __scatter.o(!!!scatter)
    __scatterload_null                       0x0000042b   Thumb Code     0  __scatter.o(!!!scatter)
    __scatterload_zeroinit                   0x00000451   Thumb Code    28  __scatter_zi.o(!!handler_zi)
    __rt_lib_init                            0x0000046d   Thumb Code     0  libinit.o(.ARM.Collect$$libinit$$00000000)
    __rt_lib_init_fp_1                       0x0000046f   Thumb Code     0  libinit2.o(.ARM.Collect$$libinit$$00000001)
    __rt_lib_init_alloca_1                   0x00000473   Thumb Code     0  libinit2.o(.ARM.Collect$$libinit$$00000030)
    __rt_lib_init_argv_1                     0x00000473   Thumb Code     0  libinit2.o(.ARM.Collect$$libinit$$0000002E)
    __rt_lib_init_atexit_1                   0x00000473   Thumb Code     0  libinit2.o(.ARM.Collect$$libinit$$0000001D)
    __rt_lib_init_clock_1                    0x00000473   Thumb Code     0  libinit2.o(.ARM.Collect$$libinit$$00000023)
    __rt_lib_init_cpp_1                      0x00000473   Thumb Code     0  libinit2.o(.ARM.Collect$$libinit$$00000034)
    __rt_lib_init_exceptions_1               0x00000473   Thumb Code     0  libinit2.o(.ARM.Collect$$libinit$$00000032)
    __rt_lib_init_fp_trap_1                  0x00000473   Thumb Code     0  libinit2.o(.ARM.Collect$$libinit$$00000021)
    __rt_lib_init_getenv_1                   0x00000473   Thumb Code     0  libinit2.o(.ARM.Collect$$libinit$$00000025)
    __rt_lib_init_heap_1                     0x00000473   Thumb Code     0  libinit2.o(.ARM.Collect$$libinit$$0000000C)
    __rt_lib_init_lc_collate_1               0x00000473   Thumb Code     0  libinit2.o(.ARM.Collect$$libinit$$00000013)
    __rt_lib_init_lc_ctype_1                 0x00000473   Thumb Code     0  libinit2.o(.ARM.Collect$$libinit$$00000015)
    __rt_lib_init_lc_monetary_1              0x00000473   Thumb Code     0  libinit2.o(.ARM.Collect$$libinit$$00000017)
    __rt_lib_init_lc_numeric_1               0x00000473   Thumb Code     0  libinit2.o(.ARM.Collect$$libinit$$00000019)
    __rt_lib_init_lc_time_1                  0x00000473   Thumb Code     0  libinit2.o(.ARM.Collect$$libinit$$0000001B)
    __rt_lib_init_preinit_1                  0x00000473   Thumb Code     0  libinit2.o(.ARM.Collect$$libinit$$00000006)
    __rt_lib_init_rand_1                     0x00000473   Thumb Code     0  libinit2.o(.ARM.Collect$$libinit$$00000010)
    __rt_lib_init_relocate_pie_1             0x00000473   Thumb Code     0  libinit2.o(.ARM.Collect$$libinit$$00000004)
    __rt_lib_init_return                     0x00000473   Thumb Code     0  libinit2.o(.ARM.Collect$$libinit$$00000035)
    __rt_lib_init_signal_1                   0x00000473   Thumb Code     0  libinit2.o(.ARM.Collect$$libinit$$0000001F)
    __rt_lib_init_stdio_1                    0x00000473   Thumb Code     0  libinit2.o(.ARM.Collect$$libinit$$00000027)
    __rt_lib_init_user_alloc_1               0x00000473   Thumb Code     0  libinit2.o(.ARM.Collect$$libinit$$0000000E)
    __rt_lib_shutdown                        0x00000475   Thumb Code     0  libshutdown.o(.ARM.Collect$$libshutdown$$00000000)
    __rt_lib_shutdown_cpp_1                  0x00000477   Thumb Code     0  libshutdown2.o(.ARM.Collect$$libshutdown$$00000002)
    __rt_lib_shutdown_fp_trap_1              0x00000477   Thumb Code     0  libshutdown2.o(.ARM.Collect$$libshutdown$$00000007)
    __rt_lib_shutdown_heap_1                 0x00000477   Thumb Code     0  libshutdown2.o(.ARM.Collect$$libshutdown$$0000000F)
    __rt_lib_shutdown_return                 0x00000477   Thumb Code     0  libshutdown2.o(.ARM.Collect$$libshutdown$$00000010)
    __rt_lib_shutdown_signal_1               0x00000477   Thumb Code     0  libshutdown2.o(.ARM.Collect$$libshutdown$$0000000A)
    __rt_lib_shutdown_stdio_1                0x00000477   Thumb Code     0  libshutdown2.o(.ARM.Collect$$libshutdown$$00000004)
    __rt_lib_shutdown_user_alloc_1           0x00000477   Thumb Code     0  libshutdown2.o(.ARM.Collect$$libshutdown$$0000000C)
    __rt_entry                               0x00000479   Thumb Code     0  __rtentry.o(.ARM.Collect$$rtentry$$00000000)
    __rt_entry_presh_1                       0x00000479   Thumb Code     0  __rtentry2.o(.ARM.Collect$$rtentry$$00000002)
    __rt_entry_sh                            0x00000479   Thumb Code     0  __rtentry7.o(.ARM.Collect$$rtentry$$00000007)
    __rt_entry_li                            0x0000047d   Thumb Code     0  __rtentry2.o(.ARM.Collect$$rtentry$$0000000A)
    __rt_entry_postsh_1                      0x0000047d   Thumb Code     0  __rtentry2.o(.ARM.Collect$$rtentry$$00000009)
    __rt_entry_main                          0x00000481   Thumb Code     0  __rtentry2.o(.ARM.Collect$$rtentry$$0000000D)
    __rt_entry_postli_1                      0x00000481   Thumb Code     0  __rtentry2.o(.ARM.Collect$$rtentry$$0000000C)
    __rt_exit                                0x0000048d   Thumb Code     0  rtexit.o(.ARM.Collect$$rtexit$$00000000)
    __rt_exit_ls                             0x0000048f   Thumb Code     0  rtexit2.o(.ARM.Collect$$rtexit$$00000003)
    __rt_exit_prels_1                        0x0000048f   Thumb Code     0  rtexit2.o(.ARM.Collect$$rtexit$$00000002)
    __rt_exit_exit                           0x00000493   Thumb Code     0  rtexit2.o(.ARM.Collect$$rtexit$$00000004)
    __RAM_VECTOR_TABLE_SIZE                  0x00000498   Data           4  startup_s32k144.o(.text)
    __VECTOR_RAM                             0x0000049c   Data           4  startup_s32k144.o(.text)
    __VECTOR_ROM                             0x000004a0   Data           4  startup_s32k144.o(.text)
    __VECTOR_ROM_START                       0x000004a4   Data           4  startup_s32k144.o(.text)
    __VECTOR_ROM_END                         0x000004a8   Data           4  startup_s32k144.o(.text)
    __CODE_ROM                               0x000004ac   Data           4  startup_s32k144.o(.text)
    __CODE_END                               0x000004b0   Data           4  startup_s32k144.o(.text)
    __CODE_RAM                               0x000004b4   Data           4  startup_s32k144.o(.text)
    __CODE_RAM_START                         0x000004b8   Data           4  startup_s32k144.o(.text)
    __CODE_RAM_END                           0x000004bc   Data           4  startup_s32k144.o(.text)
    __BSS_START                              0x000004c0   Data           4  startup_s32k144.o(.text)
    __BSS_END                                0x000004c4   Data           4  startup_s32k144.o(.text)
    __DATA_RAM                               0x000004c8   Data           4  startup_s32k144.o(.text)
    __DATA_RAM_START                         0x000004cc   Data           4  startup_s32k144.o(.text)
    __DATA_RAM_END                           0x000004d0   Data           4  startup_s32k144.o(.text)
    __DATA_ROM                               0x000004d4   Data           4  startup_s32k144.o(.text)
    __DATA_END                               0x000004d8   Data           4  startup_s32k144.o(.text)
    __CUSTOM_SECTION_START                   0x000004dc   Data           4  startup_s32k144.o(.text)
    __CUSTOM_SECTION_END                     0x000004e0   Data           4  startup_s32k144.o(.text)
    __RAM_START                              0x000004e4   Data           4  startup_s32k144.o(.text)
    __RAM_END                                0x000004e8   Data           4  startup_s32k144.o(.text)
    Reset_Handler                            0x000004ed   Thumb Code    28  startup_s32k144.o(.text)
    NMI_Handler                              0x00000509   Thumb Code     2  startup_s32k144.o(.text)
    HardFault_Handler                        0x0000050b   Thumb Code     2  startup_s32k144.o(.text)
    MemManage_Handler                        0x0000050d   Thumb Code     2  startup_s32k144.o(.text)
    BusFault_Handler                         0x0000050f   Thumb Code     2  startup_s32k144.o(.text)
    UsageFault_Handler                       0x00000511   Thumb Code     2  startup_s32k144.o(.text)
    SVC_Handler                              0x00000513   Thumb Code     2  startup_s32k144.o(.text)
    DebugMon_Handler                         0x00000515   Thumb Code     2  startup_s32k144.o(.text)
    PendSV_Handler                           0x00000517   Thumb Code     2  startup_s32k144.o(.text)
    DefaultISR                               0x0000051b   Thumb Code     2  startup_s32k144.o(.text)
    ADC0_IRQHandler                          0x0000051d   Thumb Code     0  startup_s32k144.o(.text)
    ADC1_IRQHandler                          0x0000051d   Thumb Code     0  startup_s32k144.o(.text)
    CAN0_Error_IRQHandler                    0x0000051d   Thumb Code     0  startup_s32k144.o(.text)
    CAN0_ORed_0_15_MB_IRQHandler             0x0000051d   Thumb Code     0  startup_s32k144.o(.text)
    CAN0_ORed_16_31_MB_IRQHandler            0x0000051d   Thumb Code     0  startup_s32k144.o(.text)
    CAN0_ORed_IRQHandler                     0x0000051d   Thumb Code     0  startup_s32k144.o(.text)
    CAN0_Wake_Up_IRQHandler                  0x0000051d   Thumb Code     0  startup_s32k144.o(.text)
    CAN1_Error_IRQHandler                    0x0000051d   Thumb Code     0  startup_s32k144.o(.text)
    CAN1_ORed_0_15_MB_IRQHandler             0x0000051d   Thumb Code     0  startup_s32k144.o(.text)
    CAN1_ORed_IRQHandler                     0x0000051d   Thumb Code     0  startup_s32k144.o(.text)
    CAN2_Error_IRQHandler                    0x0000051d   Thumb Code     0  startup_s32k144.o(.text)
    CAN2_ORed_0_15_MB_IRQHandler             0x0000051d   Thumb Code     0  startup_s32k144.o(.text)
    CAN2_ORed_IRQHandler                     0x0000051d   Thumb Code     0  startup_s32k144.o(.text)
    CMP0_IRQHandler                          0x0000051d   Thumb Code     0  startup_s32k144.o(.text)
    DMA0_IRQHandler                          0x0000051d   Thumb Code     0  startup_s32k144.o(.text)
    DMA10_IRQHandler                         0x0000051d   Thumb Code     0  startup_s32k144.o(.text)
    DMA11_IRQHandler                         0x0000051d   Thumb Code     0  startup_s32k144.o(.text)
    DMA12_IRQHandler                         0x0000051d   Thumb Code     0  startup_s32k144.o(.text)
    DMA13_IRQHandler                         0x0000051d   Thumb Code     0  startup_s32k144.o(.text)
    DMA14_IRQHandler                         0x0000051d   Thumb Code     0  startup_s32k144.o(.text)
    DMA15_IRQHandler                         0x0000051d   Thumb Code     0  startup_s32k144.o(.text)
    DMA1_IRQHandler                          0x0000051d   Thumb Code     0  startup_s32k144.o(.text)
    DMA2_IRQHandler                          0x0000051d   Thumb Code     0  startup_s32k144.o(.text)
    DMA3_IRQHandler                          0x0000051d   Thumb Code     0  startup_s32k144.o(.text)
    DMA4_IRQHandler                          0x0000051d   Thumb Code     0  startup_s32k144.o(.text)
    DMA5_IRQHandler                          0x0000051d   Thumb Code     0  startup_s32k144.o(.text)
    DMA6_IRQHandler                          0x0000051d   Thumb Code     0  startup_s32k144.o(.text)
    DMA7_IRQHandler                          0x0000051d   Thumb Code     0  startup_s32k144.o(.text)
    DMA8_IRQHandler                          0x0000051d   Thumb Code     0  startup_s32k144.o(.text)
    DMA9_IRQHandler                          0x0000051d   Thumb Code     0  startup_s32k144.o(.text)
    DMA_Error_IRQHandler                     0x0000051d   Thumb Code     0  startup_s32k144.o(.text)
    ERM_double_fault_IRQHandler              0x0000051d   Thumb Code     0  startup_s32k144.o(.text)
    ERM_single_fault_IRQHandler              0x0000051d   Thumb Code     0  startup_s32k144.o(.text)
    FLEXIO_IRQHandler                        0x0000051d   Thumb Code     0  startup_s32k144.o(.text)
    FTFC_Fault_IRQHandler                    0x0000051d   Thumb Code     0  startup_s32k144.o(.text)
    FTFC_IRQHandler                          0x0000051d   Thumb Code     0  startup_s32k144.o(.text)
    FTM0_Ch0_Ch1_IRQHandler                  0x0000051d   Thumb Code     0  startup_s32k144.o(.text)
    FTM0_Ch2_Ch3_IRQHandler                  0x0000051d   Thumb Code     0  startup_s32k144.o(.text)
    FTM0_Ch4_Ch5_IRQHandler                  0x0000051d   Thumb Code     0  startup_s32k144.o(.text)
    FTM0_Ch6_Ch7_IRQHandler                  0x0000051d   Thumb Code     0  startup_s32k144.o(.text)
    FTM0_Fault_IRQHandler                    0x0000051d   Thumb Code     0  startup_s32k144.o(.text)
    FTM0_Ovf_Reload_IRQHandler               0x0000051d   Thumb Code     0  startup_s32k144.o(.text)
    FTM1_Ch0_Ch1_IRQHandler                  0x0000051d   Thumb Code     0  startup_s32k144.o(.text)
    FTM1_Ch2_Ch3_IRQHandler                  0x0000051d   Thumb Code     0  startup_s32k144.o(.text)
    FTM1_Ch4_Ch5_IRQHandler                  0x0000051d   Thumb Code     0  startup_s32k144.o(.text)
    FTM1_Ch6_Ch7_IRQHandler                  0x0000051d   Thumb Code     0  startup_s32k144.o(.text)
    FTM1_Fault_IRQHandler                    0x0000051d   Thumb Code     0  startup_s32k144.o(.text)
    FTM1_Ovf_Reload_IRQHandler               0x0000051d   Thumb Code     0  startup_s32k144.o(.text)
    FTM2_Ch0_Ch1_IRQHandler                  0x0000051d   Thumb Code     0  startup_s32k144.o(.text)
    FTM2_Ch2_Ch3_IRQHandler                  0x0000051d   Thumb Code     0  startup_s32k144.o(.text)
    FTM2_Ch4_Ch5_IRQHandler                  0x0000051d   Thumb Code     0  startup_s32k144.o(.text)
    FTM2_Ch6_Ch7_IRQHandler                  0x0000051d   Thumb Code     0  startup_s32k144.o(.text)
    FTM2_Fault_IRQHandler                    0x0000051d   Thumb Code     0  startup_s32k144.o(.text)
    FTM2_Ovf_Reload_IRQHandler               0x0000051d   Thumb Code     0  startup_s32k144.o(.text)
    FTM3_Ch0_Ch1_IRQHandler                  0x0000051d   Thumb Code     0  startup_s32k144.o(.text)
    FTM3_Ch2_Ch3_IRQHandler                  0x0000051d   Thumb Code     0  startup_s32k144.o(.text)
    FTM3_Ch4_Ch5_IRQHandler                  0x0000051d   Thumb Code     0  startup_s32k144.o(.text)
    FTM3_Ch6_Ch7_IRQHandler                  0x0000051d   Thumb Code     0  startup_s32k144.o(.text)
    FTM3_Fault_IRQHandler                    0x0000051d   Thumb Code     0  startup_s32k144.o(.text)
    FTM3_Ovf_Reload_IRQHandler               0x0000051d   Thumb Code     0  startup_s32k144.o(.text)
    LPI2C0_Master_IRQHandler                 0x0000051d   Thumb Code     0  startup_s32k144.o(.text)
    LPI2C0_Slave_IRQHandler                  0x0000051d   Thumb Code     0  startup_s32k144.o(.text)
    LPIT0_Ch1_IRQHandler                     0x0000051d   Thumb Code     0  startup_s32k144.o(.text)
    LPIT0_Ch2_IRQHandler                     0x0000051d   Thumb Code     0  startup_s32k144.o(.text)
    LPIT0_Ch3_IRQHandler                     0x0000051d   Thumb Code     0  startup_s32k144.o(.text)
    LPSPI0_IRQHandler                        0x0000051d   Thumb Code     0  startup_s32k144.o(.text)
    LPSPI1_IRQHandler                        0x0000051d   Thumb Code     0  startup_s32k144.o(.text)
    LPSPI2_IRQHandler                        0x0000051d   Thumb Code     0  startup_s32k144.o(.text)
    LPTMR0_IRQHandler                        0x0000051d   Thumb Code     0  startup_s32k144.o(.text)
    LPUART0_RxTx_IRQHandler                  0x0000051d   Thumb Code     0  startup_s32k144.o(.text)
    LPUART2_RxTx_IRQHandler                  0x0000051d   Thumb Code     0  startup_s32k144.o(.text)
    LVD_LVW_IRQHandler                       0x0000051d   Thumb Code     0  startup_s32k144.o(.text)
    MCM_IRQHandler                           0x0000051d   Thumb Code     0  startup_s32k144.o(.text)
    PDB0_IRQHandler                          0x0000051d   Thumb Code     0  startup_s32k144.o(.text)
    PDB1_IRQHandler                          0x0000051d   Thumb Code     0  startup_s32k144.o(.text)
    PORTA_IRQHandler                         0x0000051d   Thumb Code     0  startup_s32k144.o(.text)
    PORTB_IRQHandler                         0x0000051d   Thumb Code     0  startup_s32k144.o(.text)
    PORTD_IRQHandler                         0x0000051d   Thumb Code     0  startup_s32k144.o(.text)
    PORTE_IRQHandler                         0x0000051d   Thumb Code     0  startup_s32k144.o(.text)
    RCM_IRQHandler                           0x0000051d   Thumb Code     0  startup_s32k144.o(.text)
    RTC_IRQHandler                           0x0000051d   Thumb Code     0  startup_s32k144.o(.text)
    RTC_Seconds_IRQHandler                   0x0000051d   Thumb Code     0  startup_s32k144.o(.text)
    Read_Collision_IRQHandler                0x0000051d   Thumb Code     0  startup_s32k144.o(.text)
    Reserved100_IRQHandler                   0x0000051d   Thumb Code     0  startup_s32k144.o(.text)
    Reserved103_IRQHandler                   0x0000051d   Thumb Code     0  startup_s32k144.o(.text)
    Reserved105_IRQHandler                   0x0000051d   Thumb Code     0  startup_s32k144.o(.text)
    Reserved106_IRQHandler                   0x0000051d   Thumb Code     0  startup_s32k144.o(.text)
    Reserved107_IRQHandler                   0x0000051d   Thumb Code     0  startup_s32k144.o(.text)
    Reserved110_IRQHandler                   0x0000051d   Thumb Code     0  startup_s32k144.o(.text)
    Reserved112_IRQHandler                   0x0000051d   Thumb Code     0  startup_s32k144.o(.text)
    Reserved113_IRQHandler                   0x0000051d   Thumb Code     0  startup_s32k144.o(.text)
    Reserved114_IRQHandler                   0x0000051d   Thumb Code     0  startup_s32k144.o(.text)
    Reserved45_IRQHandler                    0x0000051d   Thumb Code     0  startup_s32k144.o(.text)
    Reserved46_IRQHandler                    0x0000051d   Thumb Code     0  startup_s32k144.o(.text)
    Reserved48_IRQHandler                    0x0000051d   Thumb Code     0  startup_s32k144.o(.text)
    Reserved50_IRQHandler                    0x0000051d   Thumb Code     0  startup_s32k144.o(.text)
    Reserved52_IRQHandler                    0x0000051d   Thumb Code     0  startup_s32k144.o(.text)
    Reserved53_IRQHandler                    0x0000051d   Thumb Code     0  startup_s32k144.o(.text)
    Reserved54_IRQHandler                    0x0000051d   Thumb Code     0  startup_s32k144.o(.text)
    Reserved58_IRQHandler                    0x0000051d   Thumb Code     0  startup_s32k144.o(.text)
    Reserved59_IRQHandler                    0x0000051d   Thumb Code     0  startup_s32k144.o(.text)
    Reserved69_IRQHandler                    0x0000051d   Thumb Code     0  startup_s32k144.o(.text)
    Reserved70_IRQHandler                    0x0000051d   Thumb Code     0  startup_s32k144.o(.text)
    Reserved71_IRQHandler                    0x0000051d   Thumb Code     0  startup_s32k144.o(.text)
    Reserved72_IRQHandler                    0x0000051d   Thumb Code     0  startup_s32k144.o(.text)
    Reserved81_IRQHandler                    0x0000051d   Thumb Code     0  startup_s32k144.o(.text)
    Reserved82_IRQHandler                    0x0000051d   Thumb Code     0  startup_s32k144.o(.text)
    Reserved83_IRQHandler                    0x0000051d   Thumb Code     0  startup_s32k144.o(.text)
    Reserved86_IRQHandler                    0x0000051d   Thumb Code     0  startup_s32k144.o(.text)
    Reserved87_IRQHandler                    0x0000051d   Thumb Code     0  startup_s32k144.o(.text)
    Reserved88_IRQHandler                    0x0000051d   Thumb Code     0  startup_s32k144.o(.text)
    Reserved89_IRQHandler                    0x0000051d   Thumb Code     0  startup_s32k144.o(.text)
    Reserved90_IRQHandler                    0x0000051d   Thumb Code     0  startup_s32k144.o(.text)
    Reserved91_IRQHandler                    0x0000051d   Thumb Code     0  startup_s32k144.o(.text)
    Reserved92_IRQHandler                    0x0000051d   Thumb Code     0  startup_s32k144.o(.text)
    Reserved93_IRQHandler                    0x0000051d   Thumb Code     0  startup_s32k144.o(.text)
    Reserved99_IRQHandler                    0x0000051d   Thumb Code     0  startup_s32k144.o(.text)
    SCG_IRQHandler                           0x0000051d   Thumb Code     0  startup_s32k144.o(.text)
    SWI_IRQHandler                           0x0000051d   Thumb Code     0  startup_s32k144.o(.text)
    WDOG_EWM_IRQHandler                      0x0000051d   Thumb Code     0  startup_s32k144.o(.text)
    exit                                     0x00000535   Thumb Code    18  exit.o(.text)
    __I$use$semihosting                      0x00000547   Thumb Code     0  use_no_semi.o(.text)
    __use_no_semihosting_swi                 0x00000547   Thumb Code     2  use_no_semi.o(.text)
    __semihosting_library_function           0x00000549   Thumb Code     0  indicate_semi.o(.text)
    _sys_exit                                0x00000549   Thumb Code     8  sys_exit.o(.text)
    EnableClockPortC                         0x00000555   Thumb Code    56  clock.o(.text.EnableClockPortC)
    EnableClockPortD                         0x0000058d   Thumb Code    56  clock.o(.text.EnableClockPortD)
    Gpio_Init                                0x000005c5   Thumb Code   262  gpio.o(.text.Gpio_Init)
    LPIT0_Ch0_IRQHandler                     0x000006cd   Thumb Code    32  lpit.o(.text.LPIT0_Ch0_IRQHandler)
    LPIT_CLK_ENABLE                          0x000006ed   Thumb Code   196  clock.o(.text.LPIT_CLK_ENABLE)
    LPIT_Init_CH0                            0x000007b1   Thumb Code   102  lpit.o(.text.LPIT_Init_CH0)
    LPUART1_RxTx_IRQHandler                  0x00000819   Thumb Code    20  uart.o(.text.LPUART1_RxTx_IRQHandler)
    NVIC_ClearPendingFlag                    0x0000082d   Thumb Code    50  nvic.o(.text.NVIC_ClearPendingFlag)
    NVIC_EnableInterrupt                     0x00000861   Thumb Code    50  nvic.o(.text.NVIC_EnableInterrupt)
    NVIC_SetPriority                         0x00000895   Thumb Code    54  nvic.o(.text.NVIC_SetPriority)
    PORTC_IRQHandler                         0x000008cd   Thumb Code    98  gpio_isr.o(.text.PORTC_IRQHandler)
    Run_Mode_Clock                           0x00000931   Thumb Code   170  clock.o(.text.Run_Mode_Clock)
    SOSC_Init_8Mhz                           0x000009dd   Thumb Code   120  clock.o(.text.SOSC_Init_8Mhz)
    SPLL_Init                                0x00000a55   Thumb Code   210  clock.o(.text.SPLL_Init)
    SysTick_Handler                          0x00000b29   Thumb Code    16  softtimer.o(.text.SysTick_Handler)
    SystemInit                               0x00000b39   Thumb Code    82  system_s32k144.o(.text.SystemInit)
    UART1_CLK_ENABLE                         0x00000b8d   Thumb Code   196  clock.o(.text.UART1_CLK_ENABLE)
    UART_MAIN_TEST                           0x00000cf1   Thumb Code    62  uart.o(.text.UART_MAIN_TEST)
    Uart_GetReceiveData                      0x00000d31   Thumb Code   196  uart.o(.text.Uart_GetReceiveData)
    Uart_Init                                0x00000df5   Thumb Code   162  uart.o(.text.Uart_Init)
    Uart_RxMainFunction                      0x00000e99   Thumb Code    70  uart.o(.text.Uart_RxMainFunction)
    init_data_bss                            0x00000ee1   Thumb Code   160  startup.o(.text.init_data_bss)
    main                                     0x00000f81   Thumb Code    10  main.o(.text.main)
    _fp_init                                 0x00000f8b   Thumb Code    26  fpinit.o(x$fpl$fpinit)
    __fplib_config_fpu_vfp                   0x00000fa3   Thumb Code     0  fpinit.o(x$fpl$fpinit)
    __fplib_config_pureend_doubles           0x00000fa3   Thumb Code     0  fpinit.o(x$fpl$fpinit)
    Region$$Table$$Base                      0x00000fa4   Number         0  anon$$obj.o(Region$$Table)
    Image$$ER_m_text$$Limit                  0x00000fb4   Number         0  anon$$obj.o ABSOLUTE
    Region$$Table$$Limit                     0x00000fb4   Number         0  anon$$obj.o(Region$$Table)
    Image$$VECTOR_RAM$$Base                  0x1fff8000   Number         0  anon$$obj.o ABSOLUTE
    Image$$RW_m_code$$Base                   0x1fff8400   Number         0  anon$$obj.o ABSOLUTE
    Image$$RW_m_code$$Limit                  0x1fff8400   Number         0  anon$$obj.o ABSOLUTE
    Image$$RW_m_data$$Base                   0x1fff8400   Number         0  anon$$obj.o ABSOLUTE
    Image$$RW_m_data$$Limit                  0x1fff8400   Number         0  anon$$obj.o ABSOLUTE
    Image$$RW_m_custom_section$$Base         0x20000000   Number         0  anon$$obj.o ABSOLUTE
    Image$$RW_m_custom_section$$Limit        0x20000000   Number         0  anon$$obj.o ABSOLUTE
    Image$$RW_m_data_2$$ZI$$Base             0x20000000   Number         0  anon$$obj.o ABSOLUTE
    Software_Buffer_Read                     0x2000000d   Data          20  uart.o(.bss.Software_Buffer_Read)
    StateLED                                 0x20000021   Data           1  gpio_isr.o(.bss.StateLED)
    Image$$ARM_LIB_HEAP$$ZI$$Base            0x20000040   Number         0  anon$$obj.o ABSOLUTE
    Image$$RW_m_data_2$$ZI$$Limit            0x20000040   Number         0  anon$$obj.o ABSOLUTE
    Image$$ARM_LIB_HEAP$$ZI$$Limit           0x20000440   Number         0  anon$$obj.o ABSOLUTE
    Image$$ARM_LIB_STACK$$Limit              0x20006c00   Number         0  anon$$obj.o ABSOLUTE
    Image$$ARM_LIB_STACK$$ZI$$Limit          0x20007000   Number         0  anon$$obj.o ABSOLUTE



==============================================================================

Memory Map of the image

  Image Entry point : 0x00000415

  Load Region LR_m_text (Base: 0x00000000, Size: 0x00000fb4, Max: 0x00080000, ABSOLUTE)

    Execution Region VECTOR_ROM (Exec base: 0x00000000, Load base: 0x00000000, Size: 0x00000230, Max: 0x00000400, ABSOLUTE)

    Exec Addr    Load Addr    Size         Type   Attr      Idx    E Section Name        Object

    0x00000000   0x00000000   0x00000230   Data   RO          213    RESET               startup_s32k144.o


    Execution Region ER_m_flash_config (Exec base: 0x00000400, Load base: 0x00000400, Size: 0x00000010, Max: 0x00000010, ABSOLUTE, FIXED)

    Exec Addr    Load Addr    Size         Type   Attr      Idx    E Section Name        Object

    0x00000400   0x00000400   0x00000010   Data   RO          214    FlashConfig         startup_s32k144.o


    Execution Region ER_m_text_const (Exec base: 0x00000410, Load base: 0x00000410, Size: 0x00000004, Max: 0xffffffff, ABSOLUTE)

    Exec Addr    Load Addr    Size         Type   Attr      Idx    E Section Name        Object

    0x00000410   0x00000410   0x00000004   Data   RO          206    .rodata.s_vectors   startup.o


    Execution Region ER_m_text (Exec base: 0x00000414, Load base: 0x00000414, Size: 0x00000ba0, Max: 0x0007fbf0, ABSOLUTE)

    Exec Addr    Load Addr    Size         Type   Attr      Idx    E Section Name        Object

    0x00000414   0x00000414   0x00000008   Code   RO          237  * !!!main             c_w.l(__main.o)
    0x0000041c   0x0000041c   0x00000034   Code   RO          415    !!!scatter          c_w.l(__scatter.o)
    0x00000450   0x00000450   0x0000001c   Code   RO          417    !!handler_zi        c_w.l(__scatter_zi.o)
    0x0000046c   0x0000046c   0x00000002   Code   RO          269    .ARM.Collect$$libinit$$00000000  c_w.l(libinit.o)
    0x0000046e   0x0000046e   0x00000004   Code   RO          279    .ARM.Collect$$libinit$$00000001  c_w.l(libinit2.o)
    0x00000472   0x00000472   0x00000000   Code   RO          282    .ARM.Collect$$libinit$$00000004  c_w.l(libinit2.o)
    0x00000472   0x00000472   0x00000000   Code   RO          284    .ARM.Collect$$libinit$$00000006  c_w.l(libinit2.o)
    0x00000472   0x00000472   0x00000000   Code   RO          287    .ARM.Collect$$libinit$$0000000C  c_w.l(libinit2.o)
    0x00000472   0x00000472   0x00000000   Code   RO          289    .ARM.Collect$$libinit$$0000000E  c_w.l(libinit2.o)
    0x00000472   0x00000472   0x00000000   Code   RO          291    .ARM.Collect$$libinit$$00000010  c_w.l(libinit2.o)
    0x00000472   0x00000472   0x00000000   Code   RO          294    .ARM.Collect$$libinit$$00000013  c_w.l(libinit2.o)
    0x00000472   0x00000472   0x00000000   Code   RO          296    .ARM.Collect$$libinit$$00000015  c_w.l(libinit2.o)
    0x00000472   0x00000472   0x00000000   Code   RO          298    .ARM.Collect$$libinit$$00000017  c_w.l(libinit2.o)
    0x00000472   0x00000472   0x00000000   Code   RO          300    .ARM.Collect$$libinit$$00000019  c_w.l(libinit2.o)
    0x00000472   0x00000472   0x00000000   Code   RO          302    .ARM.Collect$$libinit$$0000001B  c_w.l(libinit2.o)
    0x00000472   0x00000472   0x00000000   Code   RO          304    .ARM.Collect$$libinit$$0000001D  c_w.l(libinit2.o)
    0x00000472   0x00000472   0x00000000   Code   RO          306    .ARM.Collect$$libinit$$0000001F  c_w.l(libinit2.o)
    0x00000472   0x00000472   0x00000000   Code   RO          308    .ARM.Collect$$libinit$$00000021  c_w.l(libinit2.o)
    0x00000472   0x00000472   0x00000000   Code   RO          310    .ARM.Collect$$libinit$$00000023  c_w.l(libinit2.o)
    0x00000472   0x00000472   0x00000000   Code   RO          312    .ARM.Collect$$libinit$$00000025  c_w.l(libinit2.o)
    0x00000472   0x00000472   0x00000000   Code   RO          314    .ARM.Collect$$libinit$$00000027  c_w.l(libinit2.o)
    0x00000472   0x00000472   0x00000000   Code   RO          318    .ARM.Collect$$libinit$$0000002E  c_w.l(libinit2.o)
    0x00000472   0x00000472   0x00000000   Code   RO          320    .ARM.Collect$$libinit$$00000030  c_w.l(libinit2.o)
    0x00000472   0x00000472   0x00000000   Code   RO          322    .ARM.Collect$$libinit$$00000032  c_w.l(libinit2.o)
    0x00000472   0x00000472   0x00000000   Code   RO          324    .ARM.Collect$$libinit$$00000034  c_w.l(libinit2.o)
    0x00000472   0x00000472   0x00000002   Code   RO          325    .ARM.Collect$$libinit$$00000035  c_w.l(libinit2.o)
    0x00000474   0x00000474   0x00000002   Code   RO          354    .ARM.Collect$$libshutdown$$00000000  c_w.l(libshutdown.o)
    0x00000476   0x00000476   0x00000000   Code   RO          366    .ARM.Collect$$libshutdown$$00000002  c_w.l(libshutdown2.o)
    0x00000476   0x00000476   0x00000000   Code   RO          368    .ARM.Collect$$libshutdown$$00000004  c_w.l(libshutdown2.o)
    0x00000476   0x00000476   0x00000000   Code   RO          371    .ARM.Collect$$libshutdown$$00000007  c_w.l(libshutdown2.o)
    0x00000476   0x00000476   0x00000000   Code   RO          374    .ARM.Collect$$libshutdown$$0000000A  c_w.l(libshutdown2.o)
    0x00000476   0x00000476   0x00000000   Code   RO          376    .ARM.Collect$$libshutdown$$0000000C  c_w.l(libshutdown2.o)
    0x00000476   0x00000476   0x00000000   Code   RO          379    .ARM.Collect$$libshutdown$$0000000F  c_w.l(libshutdown2.o)
    0x00000476   0x00000476   0x00000002   Code   RO          380    .ARM.Collect$$libshutdown$$00000010  c_w.l(libshutdown2.o)
    0x00000478   0x00000478   0x00000000   Code   RO          239    .ARM.Collect$$rtentry$$00000000  c_w.l(__rtentry.o)
    0x00000478   0x00000478   0x00000000   Code   RO          241    .ARM.Collect$$rtentry$$00000002  c_w.l(__rtentry2.o)
    0x00000478   0x00000478   0x00000004   Code   RO          255    .ARM.Collect$$rtentry$$00000007  c_w.l(__rtentry7.o)
    0x0000047c   0x0000047c   0x00000000   Code   RO          243    .ARM.Collect$$rtentry$$00000009  c_w.l(__rtentry2.o)
    0x0000047c   0x0000047c   0x00000004   Code   RO          244    .ARM.Collect$$rtentry$$0000000A  c_w.l(__rtentry2.o)
    0x00000480   0x00000480   0x00000000   Code   RO          246    .ARM.Collect$$rtentry$$0000000C  c_w.l(__rtentry2.o)
    0x00000480   0x00000480   0x00000008   Code   RO          247    .ARM.Collect$$rtentry$$0000000D  c_w.l(__rtentry2.o)
    0x00000488   0x00000488   0x00000004   Code   RO          256    .ARM.Collect$$rtentry$$00002718  c_w.l(__rtentry7.o)
    0x0000048c   0x0000048c   0x00000002   Code   RO          277    .ARM.Collect$$rtexit$$00000000  c_w.l(rtexit.o)
    0x0000048e   0x0000048e   0x00000000   Code   RO          334    .ARM.Collect$$rtexit$$00000002  c_w.l(rtexit2.o)
    0x0000048e   0x0000048e   0x00000004   Code   RO          335    .ARM.Collect$$rtexit$$00000003  c_w.l(rtexit2.o)
    0x00000492   0x00000492   0x00000006   Code   RO          336    .ARM.Collect$$rtexit$$00000004  c_w.l(rtexit2.o)
    0x00000498   0x00000498   0x0000009c   Code   RO          212    .text               startup_s32k144.o
    0x00000534   0x00000534   0x00000012   Code   RO          262    .text               c_w.l(exit.o)
    0x00000546   0x00000546   0x00000002   Code   RO          330    .text               c_w.l(use_no_semi.o)
    0x00000548   0x00000548   0x00000000   Code   RO          332    .text               c_w.l(indicate_semi.o)
    0x00000548   0x00000548   0x0000000c   Code   RO          344    .text               c_w.l(sys_exit.o)
    0x00000554   0x00000554   0x00000038   Code   RO          179    .text.EnableClockPortC  clock.o
    0x0000058c   0x0000058c   0x00000038   Code   RO          181    .text.EnableClockPortD  clock.o
    0x000005c4   0x000005c4   0x00000106   Code   RO           96    .text.Gpio_Init     gpio.o
    0x000006ca   0x000006ca   0x00000002   PAD
    0x000006cc   0x000006cc   0x00000020   Code   RO           45    .text.LPIT0_Ch0_IRQHandler  lpit.o
    0x000006ec   0x000006ec   0x000000c4   Code   RO          185    .text.LPIT_CLK_ENABLE  clock.o
    0x000007b0   0x000007b0   0x00000066   Code   RO           41    .text.LPIT_Init_CH0  lpit.o
    0x00000816   0x00000816   0x00000002   PAD
    0x00000818   0x00000818   0x00000014   Code   RO           73    .text.LPUART1_RxTx_IRQHandler  uart.o
    0x0000082c   0x0000082c   0x00000032   Code   RO          132    .text.NVIC_ClearPendingFlag  nvic.o
    0x0000085e   0x0000085e   0x00000002   PAD
    0x00000860   0x00000860   0x00000032   Code   RO          128    .text.NVIC_EnableInterrupt  nvic.o
    0x00000892   0x00000892   0x00000002   PAD
    0x00000894   0x00000894   0x00000036   Code   RO          134    .text.NVIC_SetPriority  nvic.o
    0x000008ca   0x000008ca   0x00000002   PAD
    0x000008cc   0x000008cc   0x00000062   Code   RO          119    .text.PORTC_IRQHandler  gpio_isr.o
    0x0000092e   0x0000092e   0x00000002   PAD
    0x00000930   0x00000930   0x000000aa   Code   RO          171    .text.Run_Mode_Clock  clock.o
    0x000009da   0x000009da   0x00000002   PAD
    0x000009dc   0x000009dc   0x00000078   Code   RO          167    .text.SOSC_Init_8Mhz  clock.o
    0x00000a54   0x00000a54   0x000000d2   Code   RO          169    .text.SPLL_Init     clock.o
    0x00000b26   0x00000b26   0x00000002   PAD
    0x00000b28   0x00000b28   0x00000010   Code   RO           28    .text.SysTick_Handler  softtimer.o
    0x00000b38   0x00000b38   0x00000052   Code   RO          221    .text.SystemInit    system_s32k144.o
    0x00000b8a   0x00000b8a   0x00000002   PAD
    0x00000b8c   0x00000b8c   0x000000c4   Code   RO          189    .text.UART1_CLK_ENABLE  clock.o
    0x00000c50   0x00000c50   0x0000003a   Code   RO           57    .text.UART1_GPIO_Config  uart.o
    0x00000c8a   0x00000c8a   0x00000002   PAD
    0x00000c8c   0x00000c8c   0x0000002c   Code   RO           77    .text.UART1_WriteData  uart.o
    0x00000cb8   0x00000cb8   0x00000038   Code   RO           67    .text.UART1_WriteMultiData  uart.o
    0x00000cf0   0x00000cf0   0x0000003e   Code   RO           75    .text.UART_MAIN_TEST  uart.o
    0x00000d2e   0x00000d2e   0x00000002   PAD
    0x00000d30   0x00000d30   0x000000c4   Code   RO           65    .text.Uart_GetReceiveData  uart.o
    0x00000df4   0x00000df4   0x000000a2   Code   RO           55    .text.Uart_Init     uart.o
    0x00000e96   0x00000e96   0x00000002   PAD
    0x00000e98   0x00000e98   0x00000046   Code   RO           71    .text.Uart_RxMainFunction  uart.o
    0x00000ede   0x00000ede   0x00000002   PAD
    0x00000ee0   0x00000ee0   0x000000a0   Code   RO          204    .text.init_data_bss  startup.o
    0x00000f80   0x00000f80   0x0000000a   Code   RO            5    .text.main          main.o
    0x00000f8a   0x00000f8a   0x0000001a   Code   RO          342    x$fpl$fpinit        fz_wm.l(fpinit.o)
    0x00000fa4   0x00000fa4   0x00000010   Data   RO          414    Region$$Table       anon$$obj.o


    Execution Region VECTOR_RAM (Exec base: 0x1fff8000, Load base: 0x00000230, Size: 0x00000400, Max: 0x00000400, ABSOLUTE)

    Exec Addr    Load Addr    Size         Type   Attr      Idx    E Section Name        Object

    0x1fff8000        -       0x00000400   Zero   RW            1    VECTOR_RAM.bss      anon$$obj.o


    Execution Region RW_m_data (Exec base: 0x1fff8400, Load base: 0x00000fb4, Size: 0x00000000, Max: 0xffffffff, ABSOLUTE)

    **** No section assigned to this execution region ****


    Execution Region RW_m_code (Exec base: 0x1fff8400, Load base: 0x00000fb4, Size: 0x00000000, Max: 0x00007c00, ABSOLUTE)

    **** No section assigned to this execution region ****


    Execution Region RW_m_custom_section (Exec base: 0x20000000, Load base: 0x00000fb4, Size: 0x00000000, Max: 0xffffffff, ABSOLUTE)

    **** No section assigned to this execution region ****


    Execution Region RW_m_data_2 (Exec base: 0x20000000, Load base: 0x00000fb4, Size: 0x00000040, Max: 0x00006800, ABSOLUTE)

    Exec Addr    Load Addr    Size         Type   Attr      Idx    E Section Name        Object

    0x20000000        -       0x00000004   Zero   RW           47    .bss.Count          lpit.o
    0x20000004        -       0x00000001   Zero   RW           84    .bss.Index_Read     uart.o
    0x20000005        -       0x00000001   Zero   RW           85    .bss.Index_Write    uart.o
    0x20000006   0x00000fb4   0x00000002   PAD
    0x20000008        -       0x00000004   Zero   RW           88    .bss.LengthBufferRead  uart.o
    0x2000000c        -       0x00000001   Zero   RW           80    .bss.Receive_State  uart.o
    0x2000000d        -       0x00000014   Zero   RW           86    .bss.Software_Buffer_Read  uart.o
    0x20000021        -       0x00000001   Zero   RW          121    .bss.StateLED       gpio_isr.o
    0x20000022        -       0x00000014   Zero   RW           87    .bss.TestReadData   uart.o
    0x20000036   0x00000fb4   0x00000002   PAD
    0x20000038        -       0x00000004   Zero   RW           30    .bss.TimeCountMs    softtimer.o
    0x2000003c        -       0x00000001   Zero   RW           79    .bss.Transmit_State  uart.o


    Execution Region ARM_LIB_HEAP (Exec base: 0x20000040, Load base: 0x00000fb4, Size: 0x00000400, Max: 0x00000400, ABSOLUTE)

    Exec Addr    Load Addr    Size         Type   Attr      Idx    E Section Name        Object

    0x20000040        -       0x00000400   Zero   RW            2    ARM_LIB_HEAP.bss    anon$$obj.o


    Execution Region ARM_LIB_STACK (Exec base: 0x20006c00, Load base: 0x00000fb4, Size: 0x00000400, Max: 0x00000400, ABSOLUTE)

    Exec Addr    Load Addr    Size         Type   Attr      Idx    E Section Name        Object

    0x20006c00        -       0x00000400   Zero   RW            3    ARM_LIB_STACK.bss   anon$$obj.o


==============================================================================

Image component sizes


      Code (inc. data)   RO Data    RW Data    ZI Data      Debug   Object Name

      1004          0          0          0          0       5934   clock.o
       262          0          0          0          0       3174   gpio.o
        98          0          0          0          1       1222   gpio_isr.o
       134          0          0          0          4       4651   lpit.o
        10          0          0          0          0        329   main.o
       154          0          0          0          0       3526   nvic.o
        16          0          0          0          4       2103   softtimer.o
       160          0          4          0          0       1042   startup.o
       156        106        576          0          0        900   startup_s32k144.o
        82          0          0          0          0       2812   system_s32k144.o
       668          0          0          0         48       6024   uart.o

    ----------------------------------------------------------------------
      2770        106        596          0       3136      31717   Object Totals
         0          0         16          0       3072          0   (incl. Generated)
        26          0          0          0          7          0   (incl. Padding)

    ----------------------------------------------------------------------

      Code (inc. data)   RO Data    RW Data    ZI Data      Debug   Library Member Name

         8          0          0          0          0         68   __main.o
         0          0          0          0          0          0   __rtentry.o
        12          0          0          0          0          0   __rtentry2.o
         8          4          0          0          0          0   __rtentry7.o
        52          8          0          0          0          0   __scatter.o
        28          0          0          0          0          0   __scatter_zi.o
        18          0          0          0          0         80   exit.o
         0          0          0          0          0          0   indicate_semi.o
         2          0          0          0          0          0   libinit.o
         6          0          0          0          0          0   libinit2.o
         2          0          0          0          0          0   libshutdown.o
         2          0          0          0          0          0   libshutdown2.o
         2          0          0          0          0          0   rtexit.o
        10          0          0          0          0          0   rtexit2.o
        12          4          0          0          0         68   sys_exit.o
         2          0          0          0          0         68   use_no_semi.o
        26          0          0          0          0        116   fpinit.o

    ----------------------------------------------------------------------
       190         16          0          0          0        400   Library Totals
         0          0          0          0          0          0   (incl. Padding)

    ----------------------------------------------------------------------

      Code (inc. data)   RO Data    RW Data    ZI Data      Debug   Library Name

       164         16          0          0          0        284   c_w.l
        26          0          0          0          0        116   fz_wm.l

    ----------------------------------------------------------------------
       190         16          0          0          0        400   Library Totals

    ----------------------------------------------------------------------

==============================================================================


      Code (inc. data)   RO Data    RW Data    ZI Data      Debug   

      2960        122        596          0       3136      31869   Grand Totals
      2960        122        596          0       3136      31869   ELF Image Totals
      2960        122        596          0          0          0   ROM Totals

==============================================================================

    Total RO  Size (Code + RO Data)                 3556 (   3.47kB)
    Total RW  Size (RW Data + ZI Data)              3136 (   3.06kB)
    Total ROM Size (Code + RO Data + RW Data)       3556 (   3.47kB)

==============================================================================

